Archive member included to satisfy reference by file (symbol)

/opt/st/stm32cubeide_1.10.1/plugins/com.st.stm32cube.ide.mcu.externaltools.gnu-tools-for-stm32.10.3-2021.10.linux64_1.0.0.202111181127/tools/bin/../lib/gcc/arm-none-eabi/10.3.1/../../../../arm-none-eabi/lib/thumb/v6-m/nofp/libc_nano.a(lib_a-errno.o)
                              ./Core/Src/syscalls.o (__errno)
/opt/st/stm32cubeide_1.10.1/plugins/com.st.stm32cube.ide.mcu.externaltools.gnu-tools-for-stm32.10.3-2021.10.linux64_1.0.0.202111181127/tools/bin/../lib/gcc/arm-none-eabi/10.3.1/../../../../arm-none-eabi/lib/thumb/v6-m/nofp/libc_nano.a(lib_a-exit.o)
                              /opt/st/stm32cubeide_1.10.1/plugins/com.st.stm32cube.ide.mcu.externaltools.gnu-tools-for-stm32.10.3-2021.10.linux64_1.0.0.202111181127/tools/bin/../lib/gcc/arm-none-eabi/10.3.1/../../../../arm-none-eabi/lib/thumb/v6-m/nofp/crt0.o (exit)
/opt/st/stm32cubeide_1.10.1/plugins/com.st.stm32cube.ide.mcu.externaltools.gnu-tools-for-stm32.10.3-2021.10.linux64_1.0.0.202111181127/tools/bin/../lib/gcc/arm-none-eabi/10.3.1/../../../../arm-none-eabi/lib/thumb/v6-m/nofp/libc_nano.a(lib_a-impure.o)
                              /opt/st/stm32cubeide_1.10.1/plugins/com.st.stm32cube.ide.mcu.externaltools.gnu-tools-for-stm32.10.3-2021.10.linux64_1.0.0.202111181127/tools/bin/../lib/gcc/arm-none-eabi/10.3.1/../../../../arm-none-eabi/lib/thumb/v6-m/nofp/libc_nano.a(lib_a-exit.o) (_global_impure_ptr)
/opt/st/stm32cubeide_1.10.1/plugins/com.st.stm32cube.ide.mcu.externaltools.gnu-tools-for-stm32.10.3-2021.10.linux64_1.0.0.202111181127/tools/bin/../lib/gcc/arm-none-eabi/10.3.1/../../../../arm-none-eabi/lib/thumb/v6-m/nofp/libc_nano.a(lib_a-init.o)
                              /opt/st/stm32cubeide_1.10.1/plugins/com.st.stm32cube.ide.mcu.externaltools.gnu-tools-for-stm32.10.3-2021.10.linux64_1.0.0.202111181127/tools/bin/../lib/gcc/arm-none-eabi/10.3.1/../../../../arm-none-eabi/lib/thumb/v6-m/nofp/crt0.o (__libc_init_array)
/opt/st/stm32cubeide_1.10.1/plugins/com.st.stm32cube.ide.mcu.externaltools.gnu-tools-for-stm32.10.3-2021.10.linux64_1.0.0.202111181127/tools/bin/../lib/gcc/arm-none-eabi/10.3.1/../../../../arm-none-eabi/lib/thumb/v6-m/nofp/libc_nano.a(lib_a-memcpy-stub.o)
                              ./Core/Src/PunchQueue.o (memcpy)
/opt/st/stm32cubeide_1.10.1/plugins/com.st.stm32cube.ide.mcu.externaltools.gnu-tools-for-stm32.10.3-2021.10.linux64_1.0.0.202111181127/tools/bin/../lib/gcc/arm-none-eabi/10.3.1/../../../../arm-none-eabi/lib/thumb/v6-m/nofp/libc_nano.a(lib_a-memset.o)
                              /opt/st/stm32cubeide_1.10.1/plugins/com.st.stm32cube.ide.mcu.externaltools.gnu-tools-for-stm32.10.3-2021.10.linux64_1.0.0.202111181127/tools/bin/../lib/gcc/arm-none-eabi/10.3.1/../../../../arm-none-eabi/lib/thumb/v6-m/nofp/crt0.o (memset)
/opt/st/stm32cubeide_1.10.1/plugins/com.st.stm32cube.ide.mcu.externaltools.gnu-tools-for-stm32.10.3-2021.10.linux64_1.0.0.202111181127/tools/bin/../lib/gcc/arm-none-eabi/10.3.1/../../../../arm-none-eabi/lib/thumb/v6-m/nofp/libc_nano.a(lib_a-strlen.o)
                              ./Core/Src/main.o (strlen)
/opt/st/stm32cubeide_1.10.1/plugins/com.st.stm32cube.ide.mcu.externaltools.gnu-tools-for-stm32.10.3-2021.10.linux64_1.0.0.202111181127/tools/bin/../lib/gcc/arm-none-eabi/10.3.1/thumb/v6-m/nofp/libgcc.a(_udivsi3.o)
                              ./Core/Src/system_stm32g0xx.o (__aeabi_uidiv)
/opt/st/stm32cubeide_1.10.1/plugins/com.st.stm32cube.ide.mcu.externaltools.gnu-tools-for-stm32.10.3-2021.10.linux64_1.0.0.202111181127/tools/bin/../lib/gcc/arm-none-eabi/10.3.1/thumb/v6-m/nofp/libgcc.a(_divsi3.o)
                              ./Drivers/STM32G0xx_HAL_Driver/Src/stm32g0xx_hal_uart_ex.o (__aeabi_idiv)
/opt/st/stm32cubeide_1.10.1/plugins/com.st.stm32cube.ide.mcu.externaltools.gnu-tools-for-stm32.10.3-2021.10.linux64_1.0.0.202111181127/tools/bin/../lib/gcc/arm-none-eabi/10.3.1/thumb/v6-m/nofp/libgcc.a(_dvmd_tls.o)
                              /opt/st/stm32cubeide_1.10.1/plugins/com.st.stm32cube.ide.mcu.externaltools.gnu-tools-for-stm32.10.3-2021.10.linux64_1.0.0.202111181127/tools/bin/../lib/gcc/arm-none-eabi/10.3.1/thumb/v6-m/nofp/libgcc.a(_udivsi3.o) (__aeabi_idiv0)

Discarded input sections

 .text          0x0000000000000000        0x0 /opt/st/stm32cubeide_1.10.1/plugins/com.st.stm32cube.ide.mcu.externaltools.gnu-tools-for-stm32.10.3-2021.10.linux64_1.0.0.202111181127/tools/bin/../lib/gcc/arm-none-eabi/10.3.1/thumb/v6-m/nofp/crti.o
 .data          0x0000000000000000        0x0 /opt/st/stm32cubeide_1.10.1/plugins/com.st.stm32cube.ide.mcu.externaltools.gnu-tools-for-stm32.10.3-2021.10.linux64_1.0.0.202111181127/tools/bin/../lib/gcc/arm-none-eabi/10.3.1/thumb/v6-m/nofp/crti.o
 .bss           0x0000000000000000        0x0 /opt/st/stm32cubeide_1.10.1/plugins/com.st.stm32cube.ide.mcu.externaltools.gnu-tools-for-stm32.10.3-2021.10.linux64_1.0.0.202111181127/tools/bin/../lib/gcc/arm-none-eabi/10.3.1/thumb/v6-m/nofp/crti.o
[...]
Memory Configuration

Name             Origin             Length             Attributes
RAM              0x0000000020000000 0x0000000000002000 xrw
FLASH            0x0000000008000000 0x0000000000008000 xr
*default*        0x0000000000000000 0xffffffffffffffff

Linker script and memory map

LOAD /opt/st/stm32cubeide_1.10.1/plugins/com.st.stm32cube.ide.mcu.externaltools.gnu-tools-for-stm32.10.3-2021.10.linux64_1.0.0.202111181127/tools/bin/../lib/gcc/arm-none-eabi/10.3.1/thumb/v6-m/nofp/crti.o
LOAD /opt/st/stm32cubeide_1.10.1/plugins/com.st.stm32cube.ide.mcu.externaltools.gnu-tools-for-stm32.10.3-2021.10.linux64_1.0.0.202111181127/tools/bin/../lib/gcc/arm-none-eabi/10.3.1/thumb/v6-m/nofp/crtbegin.o
LOAD /opt/st/stm32cubeide_1.10.1/plugins/com.st.stm32cube.ide.mcu.externaltools.gnu-tools-for-stm32.10.3-2021.10.linux64_1.0.0.202111181127/tools/bin/../lib/gcc/arm-none-eabi/10.3.1/../../../../arm-none-eabi/lib/thumb/v6-m/nofp/crt0.o
LOAD ./Core/Src/CC2500.o
LOAD ./Core/Src/I2CSlave.o
LOAD ./Core/Src/PunchQueue.o
LOAD ./Core/Src/main.o
LOAD ./Core/Src/stm32g0xx_hal_msp.o
LOAD ./Core/Src/stm32g0xx_it.o
LOAD ./Core/Src/syscalls.o
LOAD ./Core/Src/sysmem.o
LOAD ./Core/Src/system_stm32g0xx.o
LOAD ./Core/Startup/startup_stm32g030f6px.o
LOAD ./Drivers/STM32G0xx_HAL_Driver/Src/stm32g0xx_hal.o
LOAD ./Drivers/STM32G0xx_HAL_Driver/Src/stm32g0xx_hal_cortex.o
LOAD ./Drivers/STM32G0xx_HAL_Driver/Src/stm32g0xx_hal_dma.o
LOAD ./Drivers/STM32G0xx_HAL_Driver/Src/stm32g0xx_hal_dma_ex.o
LOAD ./Drivers/STM32G0xx_HAL_Driver/Src/stm32g0xx_hal_exti.o
LOAD ./Drivers/STM32G0xx_HAL_Driver/Src/stm32g0xx_hal_flash.o
LOAD ./Drivers/STM32G0xx_HAL_Driver/Src/stm32g0xx_hal_flash_ex.o
LOAD ./Drivers/STM32G0xx_HAL_Driver/Src/stm32g0xx_hal_gpio.o
LOAD ./Drivers/STM32G0xx_HAL_Driver/Src/stm32g0xx_hal_i2c.o
LOAD ./Drivers/STM32G0xx_HAL_Driver/Src/stm32g0xx_hal_i2c_ex.o
LOAD ./Drivers/STM32G0xx_HAL_Driver/Src/stm32g0xx_hal_pwr.o
LOAD ./Drivers/STM32G0xx_HAL_Driver/Src/stm32g0xx_hal_pwr_ex.o
LOAD ./Drivers/STM32G0xx_HAL_Driver/Src/stm32g0xx_hal_rcc.o
LOAD ./Drivers/STM32G0xx_HAL_Driver/Src/stm32g0xx_hal_rcc_ex.o
LOAD ./Drivers/STM32G0xx_HAL_Driver/Src/stm32g0xx_hal_spi.o
LOAD ./Drivers/STM32G0xx_HAL_Driver/Src/stm32g0xx_hal_spi_ex.o
LOAD ./Drivers/STM32G0xx_HAL_Driver/Src/stm32g0xx_hal_tim.o
LOAD ./Drivers/STM32G0xx_HAL_Driver/Src/stm32g0xx_hal_tim_ex.o
LOAD ./Drivers/STM32G0xx_HAL_Driver/Src/stm32g0xx_hal_uart.o
LOAD ./Drivers/STM32G0xx_HAL_Driver/Src/stm32g0xx_hal_uart_ex.o
LOAD ./Drivers/STM32G0xx_HAL_Driver/Src/stm32g0xx_ll_dma.o
LOAD ./Drivers/STM32G0xx_HAL_Driver/Src/stm32g0xx_ll_rcc.o
START GROUP
LOAD /opt/st/stm32cubeide_1.10.1/plugins/com.st.stm32cube.ide.mcu.externaltools.gnu-tools-for-stm32.10.3-2021.10.linux64_1.0.0.202111181127/tools/bin/../lib/gcc/arm-none-eabi/10.3.1/../../../../arm-none-eabi/lib/thumb/v6-m/nofp/libc_nano.a
LOAD /opt/st/stm32cubeide_1.10.1/plugins/com.st.stm32cube.ide.mcu.externaltools.gnu-tools-for-stm32.10.3-2021.10.linux64_1.0.0.202111181127/tools/bin/../lib/gcc/arm-none-eabi/10.3.1/../../../../arm-none-eabi/lib/thumb/v6-m/nofp/libm.a
END GROUP
START GROUP
LOAD /opt/st/stm32cubeide_1.10.1/plugins/com.st.stm32cube.ide.mcu.externaltools.gnu-tools-for-stm32.10.3-2021.10.linux64_1.0.0.202111181127/tools/bin/../lib/gcc/arm-none-eabi/10.3.1/thumb/v6-m/nofp/libgcc.a
LOAD /opt/st/stm32cubeide_1.10.1/plugins/com.st.stm32cube.ide.mcu.externaltools.gnu-tools-for-stm32.10.3-2021.10.linux64_1.0.0.202111181127/tools/bin/../lib/gcc/arm-none-eabi/10.3.1/../../../../arm-none-eabi/lib/thumb/v6-m/nofp/libc_nano.a
END GROUP
START GROUP
LOAD /opt/st/stm32cubeide_1.10.1/plugins/com.st.stm32cube.ide.mcu.externaltools.gnu-tools-for-stm32.10.3-2021.10.linux64_1.0.0.202111181127/tools/bin/../lib/gcc/arm-none-eabi/10.3.1/thumb/v6-m/nofp/libgcc.a
LOAD /opt/st/stm32cubeide_1.10.1/plugins/com.st.stm32cube.ide.mcu.externaltools.gnu-tools-for-stm32.10.3-2021.10.linux64_1.0.0.202111181127/tools/bin/../lib/gcc/arm-none-eabi/10.3.1/../../../../arm-none-eabi/lib/thumb/v6-m/nofp/libc_nano.a
LOAD /opt/st/stm32cubeide_1.10.1/plugins/com.st.stm32cube.ide.mcu.externaltools.gnu-tools-for-stm32.10.3-2021.10.linux64_1.0.0.202111181127/tools/bin/../lib/gcc/arm-none-eabi/10.3.1/../../../../arm-none-eabi/lib/thumb/v6-m/nofp/libnosys.a
END GROUP
START GROUP
LOAD /opt/st/stm32cubeide_1.10.1/plugins/com.st.stm32cube.ide.mcu.externaltools.gnu-tools-for-stm32.10.3-2021.10.linux64_1.0.0.202111181127/tools/bin/../lib/gcc/arm-none-eabi/10.3.1/thumb/v6-m/nofp/libgcc.a
LOAD /opt/st/stm32cubeide_1.10.1/plugins/com.st.stm32cube.ide.mcu.externaltools.gnu-tools-for-stm32.10.3-2021.10.linux64_1.0.0.202111181127/tools/bin/../lib/gcc/arm-none-eabi/10.3.1/../../../../arm-none-eabi/lib/thumb/v6-m/nofp/libc_nano.a
LOAD /opt/st/stm32cubeide_1.10.1/plugins/com.st.stm32cube.ide.mcu.externaltools.gnu-tools-for-stm32.10.3-2021.10.linux64_1.0.0.202111181127/tools/bin/../lib/gcc/arm-none-eabi/10.3.1/../../../../arm-none-eabi/lib/thumb/v6-m/nofp/libnosys.a
END GROUP
LOAD /opt/st/stm32cubeide_1.10.1/plugins/com.st.stm32cube.ide.mcu.externaltools.gnu-tools-for-stm32.10.3-2021.10.linux64_1.0.0.202111181127/tools/bin/../lib/gcc/arm-none-eabi/10.3.1/thumb/v6-m/nofp/crtend.o
LOAD /opt/st/stm32cubeide_1.10.1/plugins/com.st.stm32cube.ide.mcu.externaltools.gnu-tools-for-stm32.10.3-2021.10.linux64_1.0.0.202111181127/tools/bin/../lib/gcc/arm-none-eabi/10.3.1/thumb/v6-m/nofp/crtn.o
                0x0000000020002000                _estack = (ORIGIN (RAM) + LENGTH (RAM))
                0x0000000000000200                _Min_Heap_Size = 0x200
                0x0000000000000400                _Min_Stack_Size = 0x400

.isr_vector     0x0000000008000000       0xb8
                0x0000000008000000                . = ALIGN (0x4)
 *(.isr_vector)
 .isr_vector    0x0000000008000000       0xb8 ./Core/Startup/startup_stm32g030f6px.o
                0x0000000008000000                g_pfnVectors
                0x00000000080000b8                . = ALIGN (0x4)

.text           0x00000000080000b8     0x5b24
                0x00000000080000b8                . = ALIGN (0x4)
 *(.text)
 .text          0x00000000080000b8       0x48 /opt/st/stm32cubeide_1.10.1/plugins/com.st.stm32cube.ide.mcu.externaltools.gnu-tools-for-stm32.10.3-2021.10.linux64_1.0.0.202111181127/tools/bin/../lib/gcc/arm-none-eabi/10.3.1/thumb/v6-m/nofp/crtbegin.o
 .text          0x0000000008000100        0xe /opt/st/stm32cubeide_1.10.1/plugins/com.st.stm32cube.ide.mcu.externaltools.gnu-tools-for-stm32.10.3-2021.10.linux64_1.0.0.202111181127/tools/bin/../lib/gcc/arm-none-eabi/10.3.1/../../../../arm-none-eabi/lib/thumb/v6-m/nofp/libc_nano.a(lib_a-strlen.o)
                0x0000000008000100                strlen
 *fill*         0x000000000800010e        0x2 
 .text          0x0000000008000110      0x114 /opt/st/stm32cubeide_1.10.1/plugins/com.st.stm32cube.ide.mcu.externaltools.gnu-tools-for-stm32.10.3-2021.10.linux64_1.0.0.202111181127/tools/bin/../lib/gcc/arm-none-eabi/10.3.1/thumb/v6-m/nofp/libgcc.a(_udivsi3.o)
                0x0000000008000110                __udivsi3
                0x0000000008000110                __aeabi_uidiv
                0x000000000800021c                __aeabi_uidivmod
 .text          0x0000000008000224      0x1d4 /opt/st/stm32cubeide_1.10.1/plugins/com.st.stm32cube.ide.mcu.externaltools.gnu-tools-for-stm32.10.3-2021.10.linux64_1.0.0.202111181127/tools/bin/../lib/gcc/arm-none-eabi/10.3.1/thumb/v6-m/nofp/libgcc.a(_divsi3.o)
                0x0000000008000224                __aeabi_idiv
                0x0000000008000224                __divsi3
                0x00000000080003f0                __aeabi_idivmod
 .text          0x00000000080003f8        0x4 /opt/st/stm32cubeide_1.10.1/plugins/com.st.stm32cube.ide.mcu.externaltools.gnu-tools-for-stm32.10.3-2021.10.linux64_1.0.0.202111181127/tools/bin/../lib/gcc/arm-none-eabi/10.3.1/thumb/v6-m/nofp/libgcc.a(_dvmd_tls.o)
                0x00000000080003f8                __aeabi_ldiv0
                0x00000000080003f8                __aeabi_idiv0
 *(.text*)
 .text.CC2500_WriteByteSPI
                0x00000000080003fc       0x6a ./Core/Src/CC2500.o
                0x00000000080003fc                CC2500_WriteByteSPI
 .text.CC2500_ReadRegister
                0x0000000008000466       0x82 ./Core/Src/CC2500.o
                0x0000000008000466                CC2500_ReadRegister
 .text.CC2500_WriteRegister
                0x00000000080004e8       0x8a ./Core/Src/CC2500.o
                0x00000000080004e8                CC2500_WriteRegister
 .text.CC2500_WriteReadBytesSPI
                0x0000000008000572       0x62 ./Core/Src/CC2500.o
                0x0000000008000572                CC2500_WriteReadBytesSPI
 .text.CC2500_SetGDO0OutputPinConfiguration
                0x00000000080005d4       0x24 ./Core/Src/CC2500.o
                0x00000000080005d4                CC2500_SetGDO0OutputPinConfiguration
 .text.CC2500_SetPacketLength
                0x00000000080005f8       0x24 ./Core/Src/CC2500.o
                0x00000000080005f8                CC2500_SetPacketLength
 .text.CC2500_SetPacketAutomationControl
                0x000000000800061c       0x24 ./Core/Src/CC2500.o
                0x000000000800061c                CC2500_SetPacketAutomationControl
 .text.CC2500_SetMainRadioControlStateMachineConfiguration1
                0x0000000008000640       0x24 ./Core/Src/CC2500.o
                0x0000000008000640                CC2500_SetMainRadioControlStateMachineConfiguration1
 .text.CC2500_SetMainRadioControlStateMachineConfiguration0
                0x0000000008000664       0x24 ./Core/Src/CC2500.o
                0x0000000008000664                CC2500_SetMainRadioControlStateMachineConfiguration0
 .text.CC2500_SetChannelNumber
                0x0000000008000688       0x24 ./Core/Src/CC2500.o
                0x0000000008000688                CC2500_SetChannelNumber
 .text.CC2500_SetFrequencySynthesizerControl1
                0x00000000080006ac       0x24 ./Core/Src/CC2500.o
                0x00000000080006ac                CC2500_SetFrequencySynthesizerControl1
 .text.CC2500_SetFrequencySynthesizerControl0
                0x00000000080006d0       0x24 ./Core/Src/CC2500.o
                0x00000000080006d0                CC2500_SetFrequencySynthesizerControl0
 .text.CC2500_SetFrequencyHighByte
                0x00000000080006f4       0x24 ./Core/Src/CC2500.o
                0x00000000080006f4                CC2500_SetFrequencyHighByte
 .text.CC2500_SetFrequencyMiddleByte
                0x0000000008000718       0x24 ./Core/Src/CC2500.o
                0x0000000008000718                CC2500_SetFrequencyMiddleByte
 .text.CC2500_SetFrequencyLowByte
                0x000000000800073c       0x24 ./Core/Src/CC2500.o
                0x000000000800073c                CC2500_SetFrequencyLowByte
 .text.CC2500_SetModemConfiguration4
                0x0000000008000760       0x24 ./Core/Src/CC2500.o
                0x0000000008000760                CC2500_SetModemConfiguration4
 .text.CC2500_SetModemConfiguration3
                0x0000000008000784       0x24 ./Core/Src/CC2500.o
                0x0000000008000784                CC2500_SetModemConfiguration3
 .text.CC2500_SetModemConfiguration2
                0x00000000080007a8       0x24 ./Core/Src/CC2500.o
                0x00000000080007a8                CC2500_SetModemConfiguration2
 .text.CC2500_SetModemConfiguration1
                0x00000000080007cc       0x24 ./Core/Src/CC2500.o
                0x00000000080007cc                CC2500_SetModemConfiguration1
 .text.CC2500_SetModemConfiguration0
                0x00000000080007f0       0x24 ./Core/Src/CC2500.o
                0x00000000080007f0                CC2500_SetModemConfiguration0
 .text.CC2500_SetModemDeviationSetting
                0x0000000008000814       0x24 ./Core/Src/CC2500.o
                0x0000000008000814                CC2500_SetModemDeviationSetting
 .text.CC2500_SetFrequencyOffsetConfiguration
                0x0000000008000838       0x24 ./Core/Src/CC2500.o
                0x0000000008000838                CC2500_SetFrequencyOffsetConfiguration
 .text.CC2500_SetBitSynchronizationConfiguration
                0x000000000800085c       0x24 ./Core/Src/CC2500.o
                0x000000000800085c                CC2500_SetBitSynchronizationConfiguration
 .text.CC2500_SetAGCControl2
                0x0000000008000880       0x24 ./Core/Src/CC2500.o
                0x0000000008000880                CC2500_SetAGCControl2
 .text.CC2500_SetAGCControl1
                0x00000000080008a4       0x24 ./Core/Src/CC2500.o
                0x00000000080008a4                CC2500_SetAGCControl1
 .text.CC2500_SetAGCControl0
                0x00000000080008c8       0x24 ./Core/Src/CC2500.o
                0x00000000080008c8                CC2500_SetAGCControl0
 .text.CC2500_SetFrontEndRXConfiguration
                0x00000000080008ec       0x24 ./Core/Src/CC2500.o
                0x00000000080008ec                CC2500_SetFrontEndRXConfiguration
 .text.CC2500_SetFrontEndTXConfiguration
                0x0000000008000910       0x24 ./Core/Src/CC2500.o
                0x0000000008000910                CC2500_SetFrontEndTXConfiguration
 .text.CC2500_SetFrequencySynthesizerCalibration3
                0x0000000008000934       0x24 ./Core/Src/CC2500.o
                0x0000000008000934                CC2500_SetFrequencySynthesizerCalibration3
 .text.CC2500_SetFrequencySynthesizerCalibration2
                0x0000000008000958       0x24 ./Core/Src/CC2500.o
                0x0000000008000958                CC2500_SetFrequencySynthesizerCalibration2
 .text.CC2500_SetFrequencySynthesizerCalibration1
                0x000000000800097c       0x24 ./Core/Src/CC2500.o
                0x000000000800097c                CC2500_SetFrequencySynthesizerCalibration1
 .text.CC2500_SetFrequencySynthesizerCalibration0
                0x00000000080009a0       0x24 ./Core/Src/CC2500.o
                0x00000000080009a0                CC2500_SetFrequencySynthesizerCalibration0
 .text.CC2500_SetTest2
                0x00000000080009c4       0x24 ./Core/Src/CC2500.o
                0x00000000080009c4                CC2500_SetTest2
 .text.CC2500_SetTest1
                0x00000000080009e8       0x24 ./Core/Src/CC2500.o
                0x00000000080009e8                CC2500_SetTest1
 .text.CC2500_SetTest0
                0x0000000008000a0c       0x24 ./Core/Src/CC2500.o
                0x0000000008000a0c                CC2500_SetTest0
 .text.CC2500_Reset
                0x0000000008000a30       0x1e ./Core/Src/CC2500.o
                0x0000000008000a30                CC2500_Reset
 .text.CC2500_EnableRX
                0x0000000008000a4e       0x1e ./Core/Src/CC2500.o
                0x0000000008000a4e                CC2500_EnableRX
 .text.CC2500_EnableTX
                0x0000000008000a6c       0x1e ./Core/Src/CC2500.o
                0x0000000008000a6c                CC2500_EnableTX
 .text.CC2500_ExitRXTX
                0x0000000008000a8a       0x1e ./Core/Src/CC2500.o
                0x0000000008000a8a                CC2500_ExitRXTX
 .text.CC2500_FlushRXFIFO
                0x0000000008000aa8       0x1e ./Core/Src/CC2500.o
                0x0000000008000aa8                CC2500_FlushRXFIFO
 .text.CC2500_FlushTXFIFO
                0x0000000008000ac6       0x1e ./Core/Src/CC2500.o
                0x0000000008000ac6                CC2500_FlushTXFIFO
 .text.CC2500_GetStatusByteWrite
                0x0000000008000ae4       0x20 ./Core/Src/CC2500.o
                0x0000000008000ae4                CC2500_GetStatusByteWrite
 .text.CC2500_GetIsReadyAndIdle
                0x0000000008000b04       0x2c ./Core/Src/CC2500.o
                0x0000000008000b04                CC2500_GetIsReadyAndIdle
 .text.CC2500_SetOutputPower
                0x0000000008000b30       0x34 ./Core/Src/CC2500.o
                0x0000000008000b30                CC2500_SetOutputPower
 .text.CC2500_GetStatusByteRead
                0x0000000008000b64       0x20 ./Core/Src/CC2500.o
                0x0000000008000b64                CC2500_GetStatusByteRead
 .text.CC2500_GetPacketLength
                0x0000000008000b84       0x2a ./Core/Src/CC2500.o
                0x0000000008000b84                CC2500_GetPacketLength
 .text.CC2500_GetGDOxStatusAndPacketStatus
                0x0000000008000bae       0x2a ./Core/Src/CC2500.o
                0x0000000008000bae                CC2500_GetGDOxStatusAndPacketStatus
 .text.CC2500_GetNoOfRXBytes
                0x0000000008000bd8       0x30 ./Core/Src/CC2500.o
                0x0000000008000bd8                CC2500_GetNoOfRXBytes
 .text.CC2500_ReadRXFifo
                0x0000000008000c08       0x84 ./Core/Src/CC2500.o
                0x0000000008000c08                CC2500_ReadRXFifo
 .text.CC2500_WriteTXFifo
                0x0000000008000c8c       0x3c ./Core/Src/CC2500.o
                0x0000000008000c8c                CC2500_WriteTXFifo
 .text.HAL_I2C_SlaveTxCpltCallback
                0x0000000008000cc8       0x20 ./Core/Src/I2CSlave.o
                0x0000000008000cc8                HAL_I2C_SlaveTxCpltCallback
 .text.HAL_I2C_SlaveRxCpltCallback
                0x0000000008000ce8       0x1c ./Core/Src/I2CSlave.o
                0x0000000008000ce8                HAL_I2C_SlaveRxCpltCallback
 .text.HAL_I2C_AddrCallback
                0x0000000008000d04       0x7c ./Core/Src/I2CSlave.o
                0x0000000008000d04                HAL_I2C_AddrCallback
 .text.HAL_I2C_ListenCpltCallback
                0x0000000008000d80       0x20 ./Core/Src/I2CSlave.o
                0x0000000008000d80                HAL_I2C_ListenCpltCallback
 .text.HAL_I2C_ErrorCallback
                0x0000000008000da0       0x22 ./Core/Src/I2CSlave.o
                0x0000000008000da0                HAL_I2C_ErrorCallback
 *fill*         0x0000000008000dc2        0x2 
 .text.PunchQueue_getNoOfItems
                0x0000000008000dc4       0x54 ./Core/Src/PunchQueue.o
                0x0000000008000dc4                PunchQueue_getNoOfItems
 .text.PunchQueue_isFull
                0x0000000008000e18       0x40 ./Core/Src/PunchQueue.o
                0x0000000008000e18                PunchQueue_isFull
 .text.PunchQueue_isEmpty
                0x0000000008000e58       0x20 ./Core/Src/PunchQueue.o
                0x0000000008000e58                PunchQueue_isEmpty
 .text.PunchQueue_enQueue
                0x0000000008000e78       0x70 ./Core/Src/PunchQueue.o
                0x0000000008000e78                PunchQueue_enQueue
 .text.PunchQueue_pop
                0x0000000008000ee8       0x58 ./Core/Src/PunchQueue.o
                0x0000000008000ee8                PunchQueue_pop
 .text.main     0x0000000008000f40       0x68 ./Core/Src/main.o
                0x0000000008000f40                main
 .text.SystemClock_Config
                0x0000000008000fa8       0xb4 ./Core/Src/main.o
                0x0000000008000fa8                SystemClock_Config
 .text.MX_I2C2_Init
                0x000000000800105c       0x80 ./Core/Src/main.o
 .text.MX_SPI1_Init
                0x00000000080010dc       0xac ./Core/Src/main.o
 .text.MX_SPI2_Init
                0x0000000008001188       0xb0 ./Core/Src/main.o
 .text.MX_USART2_UART_Init
                0x0000000008001238       0x98 ./Core/Src/main.o
 .text.MX_GPIO_Init
                0x00000000080012d0      0x150 ./Core/Src/main.o
 .text.Configure_GDO_INT_1_AsRisingInterrupt
                0x0000000008001420       0x48 ./Core/Src/main.o
 .text.Configure_GDO_INT_1_AsFallingInterrupt
                0x0000000008001468       0x48 ./Core/Src/main.o
 .text.Configure_GDO_INT_1_AsGPIO
                0x00000000080014b0       0x3c ./Core/Src/main.o
 .text.Configure_GDO_INT_2_AsRisingInterrupt
                0x00000000080014ec       0x48 ./Core/Src/main.o
 .text.Configure_GDO_INT_2_AsFallingInterrupt
                0x0000000008001534       0x48 ./Core/Src/main.o
 .text.Configure_GDO_INT_2_AsGPIO
                0x000000000800157c       0x3c ./Core/Src/main.o
 .text.InitCC2500
                0x00000000080015b8      0x2cc ./Core/Src/main.o
 .text.GetPunchReplyIncludingSpaceForCommandByte
                0x0000000008001884       0x9c ./Core/Src/main.o
 .text.ReadMessage
                0x0000000008001920      0x1cc ./Core/Src/main.o
 .text.AckSentEnableRX
                0x0000000008001aec       0x6e ./Core/Src/main.o
 *fill*         0x0000000008001b5a        0x2 
 .text.HAL_GPIO_EXTI_Falling_Callback
                0x0000000008001b5c       0x78 ./Core/Src/main.o
                0x0000000008001b5c                HAL_GPIO_EXTI_Falling_Callback
 .text.HAL_GPIO_EXTI_Rising_Callback
                0x0000000008001bd4       0x78 ./Core/Src/main.o
                0x0000000008001bd4                HAL_GPIO_EXTI_Rising_Callback
 .text.Error_Handler
                0x0000000008001c4c       0x6c ./Core/Src/main.o
                0x0000000008001c4c                Error_Handler
 .text.HAL_MspInit
                0x0000000008001cb8       0x48 ./Core/Src/stm32g0xx_hal_msp.o
                0x0000000008001cb8                HAL_MspInit
 .text.HAL_I2C_MspInit
                0x0000000008001d00       0xa8 ./Core/Src/stm32g0xx_hal_msp.o
                0x0000000008001d00                HAL_I2C_MspInit
 .text.HAL_SPI_MspInit
                0x0000000008001da8      0x178 ./Core/Src/stm32g0xx_hal_msp.o
                0x0000000008001da8                HAL_SPI_MspInit
 .text.HAL_UART_MspInit
                0x0000000008001f20       0x94 ./Core/Src/stm32g0xx_hal_msp.o
                0x0000000008001f20                HAL_UART_MspInit
 .text.NMI_Handler
                0x0000000008001fb4        0x6 ./Core/Src/stm32g0xx_it.o
                0x0000000008001fb4                NMI_Handler
 .text.HardFault_Handler
                0x0000000008001fba        0x6 ./Core/Src/stm32g0xx_it.o
                0x0000000008001fba                HardFault_Handler
 .text.SVC_Handler
                0x0000000008001fc0        0xa ./Core/Src/stm32g0xx_it.o
                0x0000000008001fc0                SVC_Handler
 .text.PendSV_Handler
                0x0000000008001fca        0xa ./Core/Src/stm32g0xx_it.o
                0x0000000008001fca                PendSV_Handler
 .text.SysTick_Handler
                0x0000000008001fd4        0xe ./Core/Src/stm32g0xx_it.o
                0x0000000008001fd4                SysTick_Handler
 .text.EXTI0_1_IRQHandler
                0x0000000008001fe2       0x10 ./Core/Src/stm32g0xx_it.o
                0x0000000008001fe2                EXTI0_1_IRQHandler
 .text.EXTI4_15_IRQHandler
                0x0000000008001ff2       0x10 ./Core/Src/stm32g0xx_it.o
                0x0000000008001ff2                EXTI4_15_IRQHandler
 *fill*         0x0000000008002002        0x2 
 .text.I2C2_IRQHandler
                0x0000000008002004       0x30 ./Core/Src/stm32g0xx_it.o
                0x0000000008002004                I2C2_IRQHandler
 .text.SystemInit
                0x0000000008002034        0xa ./Core/Src/system_stm32g0xx.o
                0x0000000008002034                SystemInit
 *fill*         0x000000000800203e        0x2 
 .text.Reset_Handler
                0x0000000008002040       0x50 ./Core/Startup/startup_stm32g030f6px.o
                0x0000000008002040                Reset_Handler
 .text.Default_Handler
                0x0000000008002090        0x2 ./Core/Startup/startup_stm32g030f6px.o
                0x0000000008002090                TIM1_CC_IRQHandler
                0x0000000008002090                I2C1_IRQHandler
                0x0000000008002090                RTC_TAMP_IRQHandler
                0x0000000008002090                SPI1_IRQHandler
                0x0000000008002090                DMA1_Ch4_5_DMAMUX1_OVR_IRQHandler
                0x0000000008002090                EXTI2_3_IRQHandler
                0x0000000008002090                ADC1_IRQHandler
                0x0000000008002090                TIM17_IRQHandler
                0x0000000008002090                TIM16_IRQHandler
                0x0000000008002090                TIM3_IRQHandler
                0x0000000008002090                RCC_IRQHandler
                0x0000000008002090                DMA1_Channel1_IRQHandler
                0x0000000008002090                Default_Handler
                0x0000000008002090                TIM14_IRQHandler
                0x0000000008002090                SPI2_IRQHandler
                0x0000000008002090                WWDG_IRQHandler
                0x0000000008002090                DMA1_Channel2_3_IRQHandler
                0x0000000008002090                USART2_IRQHandler
                0x0000000008002090                FLASH_IRQHandler
                0x0000000008002090                USART1_IRQHandler
                0x0000000008002090                TIM1_BRK_UP_TRG_COM_IRQHandler
 *fill*         0x0000000008002092        0x2 
 .text.HAL_Init
                0x0000000008002094       0x40 ./Drivers/STM32G0xx_HAL_Driver/Src/stm32g0xx_hal.o
                0x0000000008002094                HAL_Init
 .text.HAL_InitTick
                0x00000000080020d4       0x94 ./Drivers/STM32G0xx_HAL_Driver/Src/stm32g0xx_hal.o
                0x00000000080020d4                HAL_InitTick
 .text.HAL_IncTick
                0x0000000008002168       0x24 ./Drivers/STM32G0xx_HAL_Driver/Src/stm32g0xx_hal.o
                0x0000000008002168                HAL_IncTick
 .text.HAL_GetTick
                0x000000000800218c       0x14 ./Drivers/STM32G0xx_HAL_Driver/Src/stm32g0xx_hal.o
                0x000000000800218c                HAL_GetTick
 .text.HAL_Delay
                0x00000000080021a0       0x48 ./Drivers/STM32G0xx_HAL_Driver/Src/stm32g0xx_hal.o
                0x00000000080021a0                HAL_Delay
 .text.__NVIC_EnableIRQ
                0x00000000080021e8       0x34 ./Drivers/STM32G0xx_HAL_Driver/Src/stm32g0xx_hal_cortex.o
 .text.__NVIC_SetPriority
                0x000000000800221c       0xdc ./Drivers/STM32G0xx_HAL_Driver/Src/stm32g0xx_hal_cortex.o
 .text.SysTick_Config
                0x00000000080022f8       0x48 ./Drivers/STM32G0xx_HAL_Driver/Src/stm32g0xx_hal_cortex.o
 .text.HAL_NVIC_SetPriority
                0x0000000008002340       0x2a ./Drivers/STM32G0xx_HAL_Driver/Src/stm32g0xx_hal_cortex.o
                0x0000000008002340                HAL_NVIC_SetPriority
 .text.HAL_NVIC_EnableIRQ
                0x000000000800236a       0x20 ./Drivers/STM32G0xx_HAL_Driver/Src/stm32g0xx_hal_cortex.o
                0x000000000800236a                HAL_NVIC_EnableIRQ
 .text.HAL_SYSTICK_Config
                0x000000000800238a       0x1a ./Drivers/STM32G0xx_HAL_Driver/Src/stm32g0xx_hal_cortex.o
                0x000000000800238a                HAL_SYSTICK_Config
 .text.HAL_DMA_Abort_IT
                0x00000000080023a4       0xd4 ./Drivers/STM32G0xx_HAL_Driver/Src/stm32g0xx_hal_dma.o
                0x00000000080023a4                HAL_DMA_Abort_IT
 .text.HAL_DMA_GetState
                0x0000000008002478       0x18 ./Drivers/STM32G0xx_HAL_Driver/Src/stm32g0xx_hal_dma.o
                0x0000000008002478                HAL_DMA_GetState
 .text.HAL_GPIO_Init
                0x0000000008002490      0x2c8 ./Drivers/STM32G0xx_HAL_Driver/Src/stm32g0xx_hal_gpio.o
                0x0000000008002490                HAL_GPIO_Init
 .text.HAL_GPIO_WritePin
                0x0000000008002758       0x3a ./Drivers/STM32G0xx_HAL_Driver/Src/stm32g0xx_hal_gpio.o
                0x0000000008002758                HAL_GPIO_WritePin
 *fill*         0x0000000008002792        0x2 
 .text.HAL_GPIO_EXTI_IRQHandler
                0x0000000008002794       0x54 ./Drivers/STM32G0xx_HAL_Driver/Src/stm32g0xx_hal_gpio.o
                0x0000000008002794                HAL_GPIO_EXTI_IRQHandler
 .text.HAL_I2C_Init
                0x00000000080027e8      0x12c ./Drivers/STM32G0xx_HAL_Driver/Src/stm32g0xx_hal_i2c.o
                0x00000000080027e8                HAL_I2C_Init
 .text.HAL_I2C_Slave_Seq_Transmit_IT
                0x0000000008002914      0x180 ./Drivers/STM32G0xx_HAL_Driver/Src/stm32g0xx_hal_i2c.o
                0x0000000008002914                HAL_I2C_Slave_Seq_Transmit_IT
 .text.HAL_I2C_Slave_Seq_Receive_IT
                0x0000000008002a94      0x184 ./Drivers/STM32G0xx_HAL_Driver/Src/stm32g0xx_hal_i2c.o
                0x0000000008002a94                HAL_I2C_Slave_Seq_Receive_IT
 .text.HAL_I2C_EnableListen_IT
                0x0000000008002c18       0x44 ./Drivers/STM32G0xx_HAL_Driver/Src/stm32g0xx_hal_i2c.o
                0x0000000008002c18                HAL_I2C_EnableListen_IT
 .text.HAL_I2C_EV_IRQHandler
                0x0000000008002c5c       0x34 ./Drivers/STM32G0xx_HAL_Driver/Src/stm32g0xx_hal_i2c.o
                0x0000000008002c5c                HAL_I2C_EV_IRQHandler
 .text.HAL_I2C_ER_IRQHandler
                0x0000000008002c90       0xc4 ./Drivers/STM32G0xx_HAL_Driver/Src/stm32g0xx_hal_i2c.o
                0x0000000008002c90                HAL_I2C_ER_IRQHandler
 .text.HAL_I2C_MasterTxCpltCallback
                0x0000000008002d54       0x10 ./Drivers/STM32G0xx_HAL_Driver/Src/stm32g0xx_hal_i2c.o
                0x0000000008002d54                HAL_I2C_MasterTxCpltCallback
 .text.HAL_I2C_MasterRxCpltCallback
                0x0000000008002d64       0x10 ./Drivers/STM32G0xx_HAL_Driver/Src/stm32g0xx_hal_i2c.o
                0x0000000008002d64                HAL_I2C_MasterRxCpltCallback
 .text.HAL_I2C_MemTxCpltCallback
                0x0000000008002d74       0x10 ./Drivers/STM32G0xx_HAL_Driver/Src/stm32g0xx_hal_i2c.o
                0x0000000008002d74                HAL_I2C_MemTxCpltCallback
 .text.HAL_I2C_MemRxCpltCallback
                0x0000000008002d84       0x10 ./Drivers/STM32G0xx_HAL_Driver/Src/stm32g0xx_hal_i2c.o
                0x0000000008002d84                HAL_I2C_MemRxCpltCallback
 .text.HAL_I2C_AbortCpltCallback
                0x0000000008002d94       0x10 ./Drivers/STM32G0xx_HAL_Driver/Src/stm32g0xx_hal_i2c.o
                0x0000000008002d94                HAL_I2C_AbortCpltCallback
 .text.HAL_I2C_GetError
                0x0000000008002da4       0x14 ./Drivers/STM32G0xx_HAL_Driver/Src/stm32g0xx_hal_i2c.o
                0x0000000008002da4                HAL_I2C_GetError
 .text.I2C_Slave_ISR_IT
                0x0000000008002db8      0x228 ./Drivers/STM32G0xx_HAL_Driver/Src/stm32g0xx_hal_i2c.o
 .text.I2C_Master_ISR_DMA
                0x0000000008002fe0      0x218 ./Drivers/STM32G0xx_HAL_Driver/Src/stm32g0xx_hal_i2c.o
 .text.I2C_Slave_ISR_DMA
                0x00000000080031f8      0x1ec ./Drivers/STM32G0xx_HAL_Driver/Src/stm32g0xx_hal_i2c.o
 .text.I2C_ITAddrCplt
                0x00000000080033e4      0x148 ./Drivers/STM32G0xx_HAL_Driver/Src/stm32g0xx_hal_i2c.o
 .text.I2C_ITMasterSeqCplt
                0x000000000800352c       0x82 ./Drivers/STM32G0xx_HAL_Driver/Src/stm32g0xx_hal_i2c.o
 *fill*         0x00000000080035ae        0x2 
 .text.I2C_ITSlaveSeqCplt
                0x00000000080035b0       0xcc ./Drivers/STM32G0xx_HAL_Driver/Src/stm32g0xx_hal_i2c.o
 .text.I2C_ITMasterCplt
                0x000000000800367c      0x1a4 ./Drivers/STM32G0xx_HAL_Driver/Src/stm32g0xx_hal_i2c.o
 .text.I2C_ITSlaveCplt
                0x0000000008003820      0x248 ./Drivers/STM32G0xx_HAL_Driver/Src/stm32g0xx_hal_i2c.o
 .text.I2C_ITListenCplt
                0x0000000008003a68       0xb4 ./Drivers/STM32G0xx_HAL_Driver/Src/stm32g0xx_hal_i2c.o
 .text.I2C_ITError
                0x0000000008003b1c      0x1c4 ./Drivers/STM32G0xx_HAL_Driver/Src/stm32g0xx_hal_i2c.o
 .text.I2C_TreatErrorCallback
                0x0000000008003ce0       0x52 ./Drivers/STM32G0xx_HAL_Driver/Src/stm32g0xx_hal_i2c.o
 .text.I2C_Flush_TXDR
                0x0000000008003d32       0x44 ./Drivers/STM32G0xx_HAL_Driver/Src/stm32g0xx_hal_i2c.o
 .text.I2C_DMAAbort
                0x0000000008003d76       0x3e ./Drivers/STM32G0xx_HAL_Driver/Src/stm32g0xx_hal_i2c.o
 .text.I2C_TransferConfig
                0x0000000008003db4       0x74 ./Drivers/STM32G0xx_HAL_Driver/Src/stm32g0xx_hal_i2c.o
 .text.I2C_Enable_IRQ
                0x0000000008003e28       0xe0 ./Drivers/STM32G0xx_HAL_Driver/Src/stm32g0xx_hal_i2c.o
 .text.I2C_Disable_IRQ
                0x0000000008003f08       0xc6 ./Drivers/STM32G0xx_HAL_Driver/Src/stm32g0xx_hal_i2c.o
 *fill*         0x0000000008003fce        0x2 
 .text.HAL_I2CEx_ConfigAnalogFilter
                0x0000000008003fd0       0x98 ./Drivers/STM32G0xx_HAL_Driver/Src/stm32g0xx_hal_i2c_ex.o
                0x0000000008003fd0                HAL_I2CEx_ConfigAnalogFilter
 .text.HAL_I2CEx_ConfigDigitalFilter
                0x0000000008004068       0x98 ./Drivers/STM32G0xx_HAL_Driver/Src/stm32g0xx_hal_i2c_ex.o
                0x0000000008004068                HAL_I2CEx_ConfigDigitalFilter
 .text.HAL_PWREx_ControlVoltageScaling
                0x0000000008004100       0x80 ./Drivers/STM32G0xx_HAL_Driver/Src/stm32g0xx_hal_pwr_ex.o
                0x0000000008004100                HAL_PWREx_ControlVoltageScaling
 .text.LL_RCC_GetAPB1Prescaler
                0x0000000008004180       0x18 ./Drivers/STM32G0xx_HAL_Driver/Src/stm32g0xx_hal_rcc.o
 .text.HAL_RCC_OscConfig
                0x0000000008004198      0x620 ./Drivers/STM32G0xx_HAL_Driver/Src/stm32g0xx_hal_rcc.o
                0x0000000008004198                HAL_RCC_OscConfig
 .text.HAL_RCC_ClockConfig
                0x00000000080047b8      0x210 ./Drivers/STM32G0xx_HAL_Driver/Src/stm32g0xx_hal_rcc.o
                0x00000000080047b8                HAL_RCC_ClockConfig
 .text.HAL_RCC_GetSysClockFreq
                0x00000000080049c8      0x104 ./Drivers/STM32G0xx_HAL_Driver/Src/stm32g0xx_hal_rcc.o
                0x00000000080049c8                HAL_RCC_GetSysClockFreq
 .text.HAL_RCC_GetHCLKFreq
                0x0000000008004acc       0x14 ./Drivers/STM32G0xx_HAL_Driver/Src/stm32g0xx_hal_rcc.o
                0x0000000008004acc                HAL_RCC_GetHCLKFreq
 .text.HAL_RCC_GetPCLK1Freq
                0x0000000008004ae0       0x2c ./Drivers/STM32G0xx_HAL_Driver/Src/stm32g0xx_hal_rcc.o
                0x0000000008004ae0                HAL_RCC_GetPCLK1Freq
 .text.HAL_SPI_Init
                0x0000000008004b0c      0x170 ./Drivers/STM32G0xx_HAL_Driver/Src/stm32g0xx_hal_spi.o
                0x0000000008004b0c                HAL_SPI_Init
 .text.HAL_SPI_TransmitReceive
                0x0000000008004c7c      0x3a4 ./Drivers/STM32G0xx_HAL_Driver/Src/stm32g0xx_hal_spi.o
                0x0000000008004c7c                HAL_SPI_TransmitReceive
 .text.SPI_WaitFlagStateUntilTimeout
                0x0000000008005020      0x11c ./Drivers/STM32G0xx_HAL_Driver/Src/stm32g0xx_hal_spi.o
 .text.SPI_WaitFifoStateUntilTimeout
                0x000000000800513c      0x144 ./Drivers/STM32G0xx_HAL_Driver/Src/stm32g0xx_hal_spi.o
 .text.SPI_EndRxTxTransaction
                0x0000000008005280       0x8c ./Drivers/STM32G0xx_HAL_Driver/Src/stm32g0xx_hal_spi.o
 .text.HAL_UART_Init
                0x000000000800530c       0xac ./Drivers/STM32G0xx_HAL_Driver/Src/stm32g0xx_hal_uart.o
                0x000000000800530c                HAL_UART_Init
 .text.HAL_UART_Transmit
                0x00000000080053b8      0x138 ./Drivers/STM32G0xx_HAL_Driver/Src/stm32g0xx_hal_uart.o
                0x00000000080053b8                HAL_UART_Transmit
 .text.UART_SetConfig
                0x00000000080054f0      0x2d4 ./Drivers/STM32G0xx_HAL_Driver/Src/stm32g0xx_hal_uart.o
                0x00000000080054f0                UART_SetConfig
 .text.UART_AdvFeatureConfig
                0x00000000080057c4      0x168 ./Drivers/STM32G0xx_HAL_Driver/Src/stm32g0xx_hal_uart.o
                0x00000000080057c4                UART_AdvFeatureConfig
 .text.UART_CheckIdleState
                0x000000000800592c       0x9c ./Drivers/STM32G0xx_HAL_Driver/Src/stm32g0xx_hal_uart.o
                0x000000000800592c                UART_CheckIdleState
 .text.UART_WaitOnFlagUntilTimeout
                0x00000000080059c8      0x190 ./Drivers/STM32G0xx_HAL_Driver/Src/stm32g0xx_hal_uart.o
                0x00000000080059c8                UART_WaitOnFlagUntilTimeout
 .text.__libc_init_array
                0x0000000008005b58       0x48 /opt/st/stm32cubeide_1.10.1/plugins/com.st.stm32cube.ide.mcu.externaltools.gnu-tools-for-stm32.10.3-2021.10.linux64_1.0.0.202111181127/tools/bin/../lib/gcc/arm-none-eabi/10.3.1/../../../../arm-none-eabi/lib/thumb/v6-m/nofp/libc_nano.a(lib_a-init.o)
                0x0000000008005b58                __libc_init_array
 .text.memcpy   0x0000000008005ba0       0x12 /opt/st/stm32cubeide_1.10.1/plugins/com.st.stm32cube.ide.mcu.externaltools.gnu-tools-for-stm32.10.3-2021.10.linux64_1.0.0.202111181127/tools/bin/../lib/gcc/arm-none-eabi/10.3.1/../../../../arm-none-eabi/lib/thumb/v6-m/nofp/libc_nano.a(lib_a-memcpy-stub.o)
                0x0000000008005ba0                memcpy
 .text.memset   0x0000000008005bb2       0x10 /opt/st/stm32cubeide_1.10.1/plugins/com.st.stm32cube.ide.mcu.externaltools.gnu-tools-for-stm32.10.3-2021.10.linux64_1.0.0.202111181127/tools/bin/../lib/gcc/arm-none-eabi/10.3.1/../../../../arm-none-eabi/lib/thumb/v6-m/nofp/libc_nano.a(lib_a-memset.o)
                0x0000000008005bb2                memset
 *(.glue_7)
 .glue_7        0x0000000008005bc2        0x0 linker stubs
 *(.glue_7t)
 .glue_7t       0x0000000008005bc2        0x0 linker stubs
 *(.eh_frame)
 *fill*         0x0000000008005bc2        0x2 
 .eh_frame      0x0000000008005bc4        0x0 /opt/st/stm32cubeide_1.10.1/plugins/com.st.stm32cube.ide.mcu.externaltools.gnu-tools-for-stm32.10.3-2021.10.linux64_1.0.0.202111181127/tools/bin/../lib/gcc/arm-none-eabi/10.3.1/thumb/v6-m/nofp/crtbegin.o
 *(.init)
 .init          0x0000000008005bc4        0x4 /opt/st/stm32cubeide_1.10.1/plugins/com.st.stm32cube.ide.mcu.externaltools.gnu-tools-for-stm32.10.3-2021.10.linux64_1.0.0.202111181127/tools/bin/../lib/gcc/arm-none-eabi/10.3.1/thumb/v6-m/nofp/crti.o
                0x0000000008005bc4                _init
 .init          0x0000000008005bc8        0x8 /opt/st/stm32cubeide_1.10.1/plugins/com.st.stm32cube.ide.mcu.externaltools.gnu-tools-for-stm32.10.3-2021.10.linux64_1.0.0.202111181127/tools/bin/../lib/gcc/arm-none-eabi/10.3.1/thumb/v6-m/nofp/crtn.o
 *(.fini)
 .fini          0x0000000008005bd0        0x4 /opt/st/stm32cubeide_1.10.1/plugins/com.st.stm32cube.ide.mcu.externaltools.gnu-tools-for-stm32.10.3-2021.10.linux64_1.0.0.202111181127/tools/bin/../lib/gcc/arm-none-eabi/10.3.1/thumb/v6-m/nofp/crti.o
                0x0000000008005bd0                _fini
 .fini          0x0000000008005bd4        0x8 /opt/st/stm32cubeide_1.10.1/plugins/com.st.stm32cube.ide.mcu.externaltools.gnu-tools-for-stm32.10.3-2021.10.linux64_1.0.0.202111181127/tools/bin/../lib/gcc/arm-none-eabi/10.3.1/thumb/v6-m/nofp/crtn.o
                0x0000000008005bdc                . = ALIGN (0x4)
                0x0000000008005bdc                _etext = .

.vfp11_veneer   0x0000000008005bdc        0x0
 .vfp11_veneer  0x0000000008005bdc        0x0 linker stubs

.v4_bx          0x0000000008005bdc        0x0
 .v4_bx         0x0000000008005bdc        0x0 linker stubs

.iplt           0x0000000008005bdc        0x0
 .iplt          0x0000000008005bdc        0x0 /opt/st/stm32cubeide_1.10.1/plugins/com.st.stm32cube.ide.mcu.externaltools.gnu-tools-for-stm32.10.3-2021.10.linux64_1.0.0.202111181127/tools/bin/../lib/gcc/arm-none-eabi/10.3.1/thumb/v6-m/nofp/crtbegin.o

.rodata         0x0000000008005bdc       0x98
                0x0000000008005bdc                . = ALIGN (0x4)
 *(.rodata)
 .rodata        0x0000000008005bdc       0x1e ./Core/Src/main.o
 *(.rodata*)
 *fill*         0x0000000008005bfa        0x2 
 .rodata.AHBPrescTable
                0x0000000008005bfc       0x40 ./Core/Src/system_stm32g0xx.o
                0x0000000008005bfc                AHBPrescTable
 .rodata.APBPrescTable
                0x0000000008005c3c       0x20 ./Core/Src/system_stm32g0xx.o
                0x0000000008005c3c                APBPrescTable
 .rodata.UARTPrescTable
                0x0000000008005c5c       0x18 ./Drivers/STM32G0xx_HAL_Driver/Src/stm32g0xx_hal_uart.o
                0x0000000008005c5c                UARTPrescTable
                0x0000000008005c74                . = ALIGN (0x4)

.rel.dyn        0x0000000008005c74        0x0
 .rel.iplt      0x0000000008005c74        0x0 /opt/st/stm32cubeide_1.10.1/plugins/com.st.stm32cube.ide.mcu.externaltools.gnu-tools-for-stm32.10.3-2021.10.linux64_1.0.0.202111181127/tools/bin/../lib/gcc/arm-none-eabi/10.3.1/thumb/v6-m/nofp/crtbegin.o

.ARM.extab      0x0000000008005c74        0x0
                0x0000000008005c74                . = ALIGN (0x4)
 *(.ARM.extab* .gnu.linkonce.armextab.*)
                0x0000000008005c74                . = ALIGN (0x4)

.ARM            0x0000000008005c74        0x0
                0x0000000008005c74                . = ALIGN (0x4)
                0x0000000008005c74                __exidx_start = .
 *(.ARM.exidx*)
                0x0000000008005c74                __exidx_end = .
                0x0000000008005c74                . = ALIGN (0x4)

.preinit_array  0x0000000008005c74        0x0
                0x0000000008005c74                . = ALIGN (0x4)
                0x0000000008005c74                PROVIDE (__preinit_array_start = .)
 *(.preinit_array*)
                0x0000000008005c74                PROVIDE (__preinit_array_end = .)
                0x0000000008005c74                . = ALIGN (0x4)

.init_array     0x0000000008005c74        0x4
                0x0000000008005c74                . = ALIGN (0x4)
                0x0000000008005c74                PROVIDE (__init_array_start = .)
 *(SORT_BY_NAME(.init_array.*))
 *(.init_array*)
 .init_array    0x0000000008005c74        0x4 /opt/st/stm32cubeide_1.10.1/plugins/com.st.stm32cube.ide.mcu.externaltools.gnu-tools-for-stm32.10.3-2021.10.linux64_1.0.0.202111181127/tools/bin/../lib/gcc/arm-none-eabi/10.3.1/thumb/v6-m/nofp/crtbegin.o
                0x0000000008005c78                PROVIDE (__init_array_end = .)
                0x0000000008005c78                . = ALIGN (0x4)

.fini_array     0x0000000008005c78        0x4
                0x0000000008005c78                . = ALIGN (0x4)
                [!provide]                        PROVIDE (__fini_array_start = .)
 *(SORT_BY_NAME(.fini_array.*))
 *(.fini_array*)
 .fini_array    0x0000000008005c78        0x4 /opt/st/stm32cubeide_1.10.1/plugins/com.st.stm32cube.ide.mcu.externaltools.gnu-tools-for-stm32.10.3-2021.10.linux64_1.0.0.202111181127/tools/bin/../lib/gcc/arm-none-eabi/10.3.1/thumb/v6-m/nofp/crtbegin.o
                [!provide]                        PROVIDE (__fini_array_end = .)
                0x0000000008005c7c                . = ALIGN (0x4)
                0x0000000008005c7c                _sidata = LOADADDR (.data)

.data           0x0000000020000000       0x20 load address 0x0000000008005c7c
                0x0000000020000000                . = ALIGN (0x4)
                0x0000000020000000                _sdata = .
 *(.data)
 *(.data*)
 .data.PunchQueue_front
                0x0000000020000000        0x1 ./Core/Src/PunchQueue.o
                0x0000000020000000                PunchQueue_front
 .data.PunchQueue_rear
                0x0000000020000001        0x1 ./Core/Src/PunchQueue.o
                0x0000000020000001                PunchQueue_rear
 .data.PunchReplySequenceNo
                0x0000000020000002        0x1 ./Core/Src/main.o
                0x0000000020000002                PunchReplySequenceNo
 *fill*         0x0000000020000003        0x1 
 .data.PunchReply
                0x0000000020000004        0xf ./Core/Src/main.o
                0x0000000020000004                PunchReply
 *fill*         0x0000000020000013        0x1 
 .data.SystemCoreClock
                0x0000000020000014        0x4 ./Core/Src/system_stm32g0xx.o
                0x0000000020000014                SystemCoreClock
 .data.uwTickPrio
                0x0000000020000018        0x4 ./Drivers/STM32G0xx_HAL_Driver/Src/stm32g0xx_hal.o
                0x0000000020000018                uwTickPrio
 .data.uwTickFreq
                0x000000002000001c        0x1 ./Drivers/STM32G0xx_HAL_Driver/Src/stm32g0xx_hal.o
                0x000000002000001c                uwTickFreq
 *(.RamFunc)
 *(.RamFunc*)
                0x0000000020000020                . = ALIGN (0x4)
 *fill*         0x000000002000001d        0x3 
                0x0000000020000020                _edata = .

.igot.plt       0x0000000020000020        0x0 load address 0x0000000008005c9c
 .igot.plt      0x0000000020000020        0x0 /opt/st/stm32cubeide_1.10.1/plugins/com.st.stm32cube.ide.mcu.externaltools.gnu-tools-for-stm32.10.3-2021.10.linux64_1.0.0.202111181127/tools/bin/../lib/gcc/arm-none-eabi/10.3.1/thumb/v6-m/nofp/crtbegin.o
                0x0000000020000020                . = ALIGN (0x4)

.bss            0x0000000020000020      0x394 load address 0x0000000008005c9c
                0x0000000020000020                _sbss = .
                0x0000000020000020                __bss_start__ = _sbss
 *(.bss)
 .bss           0x0000000020000020       0x1c /opt/st/stm32cubeide_1.10.1/plugins/com.st.stm32cube.ide.mcu.externaltools.gnu-tools-for-stm32.10.3-2021.10.linux64_1.0.0.202111181127/tools/bin/../lib/gcc/arm-none-eabi/10.3.1/thumb/v6-m/nofp/crtbegin.o
 *(.bss*)
 .bss.writeBuffer
                0x000000002000003c       0x64 ./Core/Src/CC2500.o
                0x000000002000003c                writeBuffer
 .bss.readBuffer
                0x00000000200000a0       0x64 ./Core/Src/CC2500.o
                0x00000000200000a0                readBuffer
 .bss.I2CSlave_punchToSend
                0x0000000020000104        0x4 ./Core/Src/I2CSlave.o
                0x0000000020000104                I2CSlave_punchToSend
 .bss.I2CSlave_receivedRegister
                0x0000000020000108        0x1 ./Core/Src/I2CSlave.o
                0x0000000020000108                I2CSlave_receivedRegister
 *fill*         0x0000000020000109        0x3 
 .bss.I2CSlave_serialNumber
                0x000000002000010c        0x4 ./Core/Src/I2CSlave.o
                0x000000002000010c                I2CSlave_serialNumber
 .bss.I2C_Transfer_Complete
                0x0000000020000110        0x4 ./Core/Src/I2CSlave.o
                0x0000000020000110                I2C_Transfer_Complete
 .bss.PunchQueue_items
                0x0000000020000114       0xc6 ./Core/Src/PunchQueue.o
                0x0000000020000114                PunchQueue_items
 *fill*         0x00000000200001da        0x2 
 .bss.hi2c2     0x00000000200001dc       0x54 ./Core/Src/main.o
                0x00000000200001dc                hi2c2
 .bss.hspi1     0x0000000020000230       0x64 ./Core/Src/main.o
                0x0000000020000230                hspi1
 .bss.hspi2     0x0000000020000294       0x64 ./Core/Src/main.o
                0x0000000020000294                hspi2
 .bss.huart2    0x00000000200002f8       0x94 ./Core/Src/main.o
                0x00000000200002f8                huart2
 .bss.punch     0x000000002000038c       0x21 ./Core/Src/main.o
                0x000000002000038c                punch
 *fill*         0x00000000200003ad        0x3 
 .bss.uwTick    0x00000000200003b0        0x4 ./Drivers/STM32G0xx_HAL_Driver/Src/stm32g0xx_hal.o
                0x00000000200003b0                uwTick
 *(COMMON)
                0x00000000200003b4                . = ALIGN (0x4)
                0x00000000200003b4                _ebss = .
                0x00000000200003b4                __bss_end__ = _ebss

._user_heap_stack
                0x00000000200003b4      0x604 load address 0x0000000008005c9c
                0x00000000200003b8                . = ALIGN (0x8)
 *fill*         0x00000000200003b4        0x4 
                [!provide]                        PROVIDE (end = .)
                0x00000000200003b8                PROVIDE (_end = .)
                0x00000000200005b8                . = (. + _Min_Heap_Size)
 *fill*         0x00000000200003b8      0x200 
                0x00000000200009b8                . = (. + _Min_Stack_Size)
 *fill*         0x00000000200005b8      0x400 
                0x00000000200009b8                . = ALIGN (0x8)

/DISCARD/
 libc.a(*)
 libm.a(*)
 libgcc.a(*)

.ARM.attributes
                0x0000000000000000       0x28
 *(.ARM.attributes)
 .ARM.attributes
                0x0000000000000000       0x1e /opt/st/stm32cubeide_1.10.1/plugins/com.st.stm32cube.ide.mcu.externaltools.gnu-tools-for-stm32.10.3-2021.10.linux64_1.0.0.202111181127/tools/bin/../lib/gcc/arm-none-eabi/10.3.1/thumb/v6-m/nofp/crti.o
 .ARM.attributes
                0x000000000000001e       0x2c /opt/st/stm32cubeide_1.10.1/plugins/com.st.stm32cube.ide.mcu.externaltools.gnu-tools-for-stm32.10.3-2021.10.linux64_1.0.0.202111181127/tools/bin/../lib/gcc/arm-none-eabi/10.3.1/thumb/v6-m/nofp/crtbegin.o
 .ARM.attributes
                0x000000000000004a       0x2c ./Core/Src/CC2500.o
 .ARM.attributes
                0x0000000000000076       0x2c ./Core/Src/I2CSlave.o
 .ARM.attributes
                0x00000000000000a2       0x2c ./Core/Src/PunchQueue.o
 .ARM.attributes
                0x00000000000000ce       0x2c ./Core/Src/main.o
 .ARM.attributes
                0x00000000000000fa       0x2c ./Core/Src/stm32g0xx_hal_msp.o
 .ARM.attributes
                0x0000000000000126       0x2c ./Core/Src/stm32g0xx_it.o
 .ARM.attributes
                0x0000000000000152       0x2c ./Core/Src/system_stm32g0xx.o
 .ARM.attributes
                0x000000000000017e       0x22 ./Core/Startup/startup_stm32g030f6px.o
 .ARM.attributes
                0x00000000000001a0       0x2c ./Drivers/STM32G0xx_HAL_Driver/Src/stm32g0xx_hal.o
 .ARM.attributes
                0x00000000000001cc       0x2c ./Drivers/STM32G0xx_HAL_Driver/Src/stm32g0xx_hal_cortex.o
 .ARM.attributes
                0x00000000000001f8       0x2c ./Drivers/STM32G0xx_HAL_Driver/Src/stm32g0xx_hal_dma.o
 .ARM.attributes
                0x0000000000000224       0x2c ./Drivers/STM32G0xx_HAL_Driver/Src/stm32g0xx_hal_gpio.o
 .ARM.attributes
                0x0000000000000250       0x2c ./Drivers/STM32G0xx_HAL_Driver/Src/stm32g0xx_hal_i2c.o
 .ARM.attributes
                0x000000000000027c       0x2c ./Drivers/STM32G0xx_HAL_Driver/Src/stm32g0xx_hal_i2c_ex.o
 .ARM.attributes
                0x00000000000002a8       0x2c ./Drivers/STM32G0xx_HAL_Driver/Src/stm32g0xx_hal_pwr_ex.o
 .ARM.attributes
                0x00000000000002d4       0x2c ./Drivers/STM32G0xx_HAL_Driver/Src/stm32g0xx_hal_rcc.o
 .ARM.attributes
                0x0000000000000300       0x2c ./Drivers/STM32G0xx_HAL_Driver/Src/stm32g0xx_hal_spi.o
 .ARM.attributes
                0x000000000000032c       0x2c ./Drivers/STM32G0xx_HAL_Driver/Src/stm32g0xx_hal_uart.o
 .ARM.attributes
                0x0000000000000358       0x2c /opt/st/stm32cubeide_1.10.1/plugins/com.st.stm32cube.ide.mcu.externaltools.gnu-tools-for-stm32.10.3-2021.10.linux64_1.0.0.202111181127/tools/bin/../lib/gcc/arm-none-eabi/10.3.1/../../../../arm-none-eabi/lib/thumb/v6-m/nofp/libc_nano.a(lib_a-init.o)
 .ARM.attributes
                0x0000000000000384       0x2c /opt/st/stm32cubeide_1.10.1/plugins/com.st.stm32cube.ide.mcu.externaltools.gnu-tools-for-stm32.10.3-2021.10.linux64_1.0.0.202111181127/tools/bin/../lib/gcc/arm-none-eabi/10.3.1/../../../../arm-none-eabi/lib/thumb/v6-m/nofp/libc_nano.a(lib_a-memcpy-stub.o)
 .ARM.attributes
                0x00000000000003b0       0x2c /opt/st/stm32cubeide_1.10.1/plugins/com.st.stm32cube.ide.mcu.externaltools.gnu-tools-for-stm32.10.3-2021.10.linux64_1.0.0.202111181127/tools/bin/../lib/gcc/arm-none-eabi/10.3.1/../../../../arm-none-eabi/lib/thumb/v6-m/nofp/libc_nano.a(lib_a-memset.o)
 .ARM.attributes
                0x00000000000003dc       0x1c /opt/st/stm32cubeide_1.10.1/plugins/com.st.stm32cube.ide.mcu.externaltools.gnu-tools-for-stm32.10.3-2021.10.linux64_1.0.0.202111181127/tools/bin/../lib/gcc/arm-none-eabi/10.3.1/../../../../arm-none-eabi/lib/thumb/v6-m/nofp/libc_nano.a(lib_a-strlen.o)
 .ARM.attributes
                0x00000000000003f8       0x1e /opt/st/stm32cubeide_1.10.1/plugins/com.st.stm32cube.ide.mcu.externaltools.gnu-tools-for-stm32.10.3-2021.10.linux64_1.0.0.202111181127/tools/bin/../lib/gcc/arm-none-eabi/10.3.1/thumb/v6-m/nofp/libgcc.a(_udivsi3.o)
 .ARM.attributes
                0x0000000000000416       0x1e /opt/st/stm32cubeide_1.10.1/plugins/com.st.stm32cube.ide.mcu.externaltools.gnu-tools-for-stm32.10.3-2021.10.linux64_1.0.0.202111181127/tools/bin/../lib/gcc/arm-none-eabi/10.3.1/thumb/v6-m/nofp/libgcc.a(_divsi3.o)
 .ARM.attributes
                0x0000000000000434       0x1e /opt/st/stm32cubeide_1.10.1/plugins/com.st.stm32cube.ide.mcu.externaltools.gnu-tools-for-stm32.10.3-2021.10.linux64_1.0.0.202111181127/tools/bin/../lib/gcc/arm-none-eabi/10.3.1/thumb/v6-m/nofp/libgcc.a(_dvmd_tls.o)
 .ARM.attributes
                0x0000000000000452       0x1e /opt/st/stm32cubeide_1.10.1/plugins/com.st.stm32cube.ide.mcu.externaltools.gnu-tools-for-stm32.10.3-2021.10.linux64_1.0.0.202111181127/tools/bin/../lib/gcc/arm-none-eabi/10.3.1/thumb/v6-m/nofp/crtn.o
OUTPUT(SRRReceiver.elf elf32-littlearm)
LOAD linker stubs
LOAD /opt/st/stm32cubeide_1.10.1/plugins/com.st.stm32cube.ide.mcu.externaltools.gnu-tools-for-stm32.10.3-2021.10.linux64_1.0.0.202111181127/tools/bin/../lib/gcc/arm-none-eabi/10.3.1/../../../../arm-none-eabi/lib/thumb/v6-m/nofp/libc.a
LOAD /opt/st/stm32cubeide_1.10.1/plugins/com.st.stm32cube.ide.mcu.externaltools.gnu-tools-for-stm32.10.3-2021.10.linux64_1.0.0.202111181127/tools/bin/../lib/gcc/arm-none-eabi/10.3.1/../../../../arm-none-eabi/lib/thumb/v6-m/nofp/libm.a
LOAD /opt/st/stm32cubeide_1.10.1/plugins/com.st.stm32cube.ide.mcu.externaltools.gnu-tools-for-stm32.10.3-2021.10.linux64_1.0.0.202111181127/tools/bin/../lib/gcc/arm-none-eabi/10.3.1/thumb/v6-m/nofp/libgcc.a

.debug_info     0x0000000000000000    0x124fd
 .debug_info    0x0000000000000000     0x19e1 ./Core/Src/CC2500.o
 .debug_info    0x00000000000019e1      0x998 ./Core/Src/I2CSlave.o
 .debug_info    0x0000000000002379      0x25c ./Core/Src/PunchQueue.o
 .debug_info    0x00000000000025d5     0x1f44 ./Core/Src/main.o
 .debug_info    0x0000000000004519     0x1379 ./Core/Src/stm32g0xx_hal_msp.o
 .debug_info    0x0000000000005892      0x7ff ./Core/Src/stm32g0xx_it.o
 .debug_info    0x0000000000006091      0x34d ./Core/Src/system_stm32g0xx.o
 .debug_info    0x00000000000063de       0x22 ./Core/Startup/startup_stm32g030f6px.o
 .debug_info    0x0000000000006400      0x94e ./Drivers/STM32G0xx_HAL_Driver/Src/stm32g0xx_hal.o
 .debug_info    0x0000000000006d4e      0x8dd ./Drivers/STM32G0xx_HAL_Driver/Src/stm32g0xx_hal_cortex.o
 .debug_info    0x000000000000762b      0x8c8 ./Drivers/STM32G0xx_HAL_Driver/Src/stm32g0xx_hal_dma.o
 .debug_info    0x0000000000007ef3      0x5d7 ./Drivers/STM32G0xx_HAL_Driver/Src/stm32g0xx_hal_gpio.o
 .debug_info    0x00000000000084ca     0x235d ./Drivers/STM32G0xx_HAL_Driver/Src/stm32g0xx_hal_i2c.o
 .debug_info    0x000000000000a827      0xa7f ./Drivers/STM32G0xx_HAL_Driver/Src/stm32g0xx_hal_i2c_ex.o
 .debug_info    0x000000000000b2a6      0x4e8 ./Drivers/STM32G0xx_HAL_Driver/Src/stm32g0xx_hal_pwr_ex.o
 .debug_info    0x000000000000b78e      0xb18 ./Drivers/STM32G0xx_HAL_Driver/Src/stm32g0xx_hal_rcc.o
 .debug_info    0x000000000000c2a6     0x1879 ./Drivers/STM32G0xx_HAL_Driver/Src/stm32g0xx_hal_spi.o
 .debug_info    0x000000000000db1f     0x49de ./Drivers/STM32G0xx_HAL_Driver/Src/stm32g0xx_hal_uart.o

.debug_abbrev   0x0000000000000000     0x248e
 .debug_abbrev  0x0000000000000000      0x263 ./Core/Src/CC2500.o
 .debug_abbrev  0x0000000000000263      0x212 ./Core/Src/I2CSlave.o
 .debug_abbrev  0x0000000000000475      0x10f ./Core/Src/PunchQueue.o
 .debug_abbrev  0x0000000000000584      0x308 ./Core/Src/main.o
 .debug_abbrev  0x000000000000088c      0x202 ./Core/Src/stm32g0xx_hal_msp.o
 .debug_abbrev  0x0000000000000a8e      0x1a5 ./Core/Src/stm32g0xx_it.o
 .debug_abbrev  0x0000000000000c33      0x116 ./Core/Src/system_stm32g0xx.o
 .debug_abbrev  0x0000000000000d49       0x12 ./Core/Startup/startup_stm32g030f6px.o
 .debug_abbrev  0x0000000000000d5b      0x2a9 ./Drivers/STM32G0xx_HAL_Driver/Src/stm32g0xx_hal.o
 .debug_abbrev  0x0000000000001004      0x29f ./Drivers/STM32G0xx_HAL_Driver/Src/stm32g0xx_hal_cortex.o
 .debug_abbrev  0x00000000000012a3      0x1db ./Drivers/STM32G0xx_HAL_Driver/Src/stm32g0xx_hal_dma.o
 .debug_abbrev  0x000000000000147e      0x1b9 ./Drivers/STM32G0xx_HAL_Driver/Src/stm32g0xx_hal_gpio.o
 .debug_abbrev  0x0000000000001637      0x27e ./Drivers/STM32G0xx_HAL_Driver/Src/stm32g0xx_hal_i2c.o
 .debug_abbrev  0x00000000000018b5      0x1d7 ./Drivers/STM32G0xx_HAL_Driver/Src/stm32g0xx_hal_i2c_ex.o
 .debug_abbrev  0x0000000000001a8c      0x1d1 ./Drivers/STM32G0xx_HAL_Driver/Src/stm32g0xx_hal_pwr_ex.o
 .debug_abbrev  0x0000000000001c5d      0x2a3 ./Drivers/STM32G0xx_HAL_Driver/Src/stm32g0xx_hal_rcc.o
 .debug_abbrev  0x0000000000001f00      0x27e ./Drivers/STM32G0xx_HAL_Driver/Src/stm32g0xx_hal_spi.o
 .debug_abbrev  0x000000000000217e      0x310 ./Drivers/STM32G0xx_HAL_Driver/Src/stm32g0xx_hal_uart.o

.debug_aranges  0x0000000000000000      0xf40
 .debug_aranges
                0x0000000000000000      0x1f8 ./Core/Src/CC2500.o
 .debug_aranges
                0x00000000000001f8       0x40 ./Core/Src/I2CSlave.o
 .debug_aranges
                0x0000000000000238       0x50 ./Core/Src/PunchQueue.o
 .debug_aranges
                0x0000000000000288       0xb8 ./Core/Src/main.o
 .debug_aranges
                0x0000000000000340       0x50 ./Core/Src/stm32g0xx_hal_msp.o
 .debug_aranges
                0x0000000000000390       0x58 ./Core/Src/stm32g0xx_it.o
 .debug_aranges
                0x00000000000003e8       0x28 ./Core/Src/system_stm32g0xx.o
 .debug_aranges
                0x0000000000000410       0x28 ./Core/Startup/startup_stm32g030f6px.o
 .debug_aranges
                0x0000000000000438      0x100 ./Drivers/STM32G0xx_HAL_Driver/Src/stm32g0xx_hal.o
 .debug_aranges
                0x0000000000000538       0xd8 ./Drivers/STM32G0xx_HAL_Driver/Src/stm32g0xx_hal_cortex.o
 .debug_aranges
                0x0000000000000610       0x90 ./Drivers/STM32G0xx_HAL_Driver/Src/stm32g0xx_hal_dma.o
 .debug_aranges
                0x00000000000006a0       0x60 ./Drivers/STM32G0xx_HAL_Driver/Src/stm32g0xx_hal_gpio.o
 .debug_aranges
                0x0000000000000700      0x2a0 ./Drivers/STM32G0xx_HAL_Driver/Src/stm32g0xx_hal_i2c.o
 .debug_aranges
                0x00000000000009a0       0x48 ./Drivers/STM32G0xx_HAL_Driver/Src/stm32g0xx_hal_i2c_ex.o
 .debug_aranges
                0x00000000000009e8       0x98 ./Drivers/STM32G0xx_HAL_Driver/Src/stm32g0xx_hal_pwr_ex.o
 .debug_aranges
                0x0000000000000a80       0xa0 ./Drivers/STM32G0xx_HAL_Driver/Src/stm32g0xx_hal_rcc.o
 .debug_aranges
                0x0000000000000b20      0x1d8 ./Drivers/STM32G0xx_HAL_Driver/Src/stm32g0xx_hal_spi.o
 .debug_aranges
                0x0000000000000cf8      0x248 ./Drivers/STM32G0xx_HAL_Driver/Src/stm32g0xx_hal_uart.o

.debug_ranges   0x0000000000000000      0xe58
 .debug_ranges  0x0000000000000000      0x1e8 ./Core/Src/CC2500.o
 .debug_ranges  0x00000000000001e8       0x30 ./Core/Src/I2CSlave.o
 .debug_ranges  0x0000000000000218       0x40 ./Core/Src/PunchQueue.o
 .debug_ranges  0x0000000000000258       0xa8 ./Core/Src/main.o
 .debug_ranges  0x0000000000000300       0x40 ./Core/Src/stm32g0xx_hal_msp.o
 .debug_ranges  0x0000000000000340       0x48 ./Core/Src/stm32g0xx_it.o
 .debug_ranges  0x0000000000000388       0x18 ./Core/Src/system_stm32g0xx.o
 .debug_ranges  0x00000000000003a0       0x20 ./Core/Startup/startup_stm32g030f6px.o
 .debug_ranges  0x00000000000003c0       0xf0 ./Drivers/STM32G0xx_HAL_Driver/Src/stm32g0xx_hal.o
 .debug_ranges  0x00000000000004b0       0xc8 ./Drivers/STM32G0xx_HAL_Driver/Src/stm32g0xx_hal_cortex.o
 .debug_ranges  0x0000000000000578       0x80 ./Drivers/STM32G0xx_HAL_Driver/Src/stm32g0xx_hal_dma.o
 .debug_ranges  0x00000000000005f8       0x50 ./Drivers/STM32G0xx_HAL_Driver/Src/stm32g0xx_hal_gpio.o
 .debug_ranges  0x0000000000000648      0x290 ./Drivers/STM32G0xx_HAL_Driver/Src/stm32g0xx_hal_i2c.o
 .debug_ranges  0x00000000000008d8       0x38 ./Drivers/STM32G0xx_HAL_Driver/Src/stm32g0xx_hal_i2c_ex.o
 .debug_ranges  0x0000000000000910       0x88 ./Drivers/STM32G0xx_HAL_Driver/Src/stm32g0xx_hal_pwr_ex.o
 .debug_ranges  0x0000000000000998       0x90 ./Drivers/STM32G0xx_HAL_Driver/Src/stm32g0xx_hal_rcc.o
 .debug_ranges  0x0000000000000a28      0x1c8 ./Drivers/STM32G0xx_HAL_Driver/Src/stm32g0xx_hal_spi.o
 .debug_ranges  0x0000000000000bf0      0x268 ./Drivers/STM32G0xx_HAL_Driver/Src/stm32g0xx_hal_uart.o

.debug_macro    0x0000000000000000    0x15f82
 .debug_macro   0x0000000000000000      0x21b ./Core/Src/CC2500.o
 .debug_macro   0x000000000000021b      0xa4e ./Core/Src/CC2500.o
 .debug_macro   0x0000000000000c69      0x123 ./Core/Src/CC2500.o
 .debug_macro   0x0000000000000d8c       0x2e ./Core/Src/CC2500.o
 .debug_macro   0x0000000000000dba       0x28 ./Core/Src/CC2500.o
 .debug_macro   0x0000000000000de2       0x22 ./Core/Src/CC2500.o
 .debug_macro   0x0000000000000e04       0x8e ./Core/Src/CC2500.o
 .debug_macro   0x0000000000000e92       0x51 ./Core/Src/CC2500.o
 .debug_macro   0x0000000000000ee3      0x103 ./Core/Src/CC2500.o
 .debug_macro   0x0000000000000fe6       0x6a ./Core/Src/CC2500.o
 .debug_macro   0x0000000000001050      0x1df ./Core/Src/CC2500.o
 .debug_macro   0x000000000000122f       0x1c ./Core/Src/CC2500.o
 .debug_macro   0x000000000000124b       0x22 ./Core/Src/CC2500.o
 .debug_macro   0x000000000000126d       0xd1 ./Core/Src/CC2500.o
 .debug_macro   0x000000000000133e      0x4da ./Core/Src/CC2500.o
 .debug_macro   0x0000000000001818      0x11f ./Core/Src/CC2500.o
 .debug_macro   0x0000000000001937     0xa0c5 ./Core/Src/CC2500.o
 .debug_macro   0x000000000000b9fc       0x66 ./Core/Src/CC2500.o
 .debug_macro   0x000000000000ba62     0x34fd ./Core/Src/CC2500.o
 .debug_macro   0x000000000000ef5f      0x174 ./Core/Src/CC2500.o
 .debug_macro   0x000000000000f0d3       0x5c ./Core/Src/CC2500.o
 .debug_macro   0x000000000000f12f      0x485 ./Core/Src/CC2500.o
 .debug_macro   0x000000000000f5b4      0xdcd ./Core/Src/CC2500.o
 .debug_macro   0x0000000000010381      0x106 ./Core/Src/CC2500.o
 .debug_macro   0x0000000000010487      0x1cf ./Core/Src/CC2500.o
 .debug_macro   0x0000000000010656       0xff ./Core/Src/CC2500.o
 .debug_macro   0x0000000000010755      0x33c ./Core/Src/CC2500.o
 .debug_macro   0x0000000000010a91      0x202 ./Core/Src/CC2500.o
 .debug_macro   0x0000000000010c93      0x2c7 ./Core/Src/CC2500.o
 .debug_macro   0x0000000000010f5a      0x198 ./Core/Src/CC2500.o
 .debug_macro   0x00000000000110f2       0x43 ./Core/Src/CC2500.o
 .debug_macro   0x0000000000011135      0x1f1 ./Core/Src/CC2500.o
 .debug_macro   0x0000000000011326      0x1d6 ./Core/Src/CC2500.o
 .debug_macro   0x00000000000114fc      0x2a3 ./Core/Src/CC2500.o
 .debug_macro   0x000000000001179f       0x28 ./Core/Src/CC2500.o
 .debug_macro   0x00000000000117c7       0xcf ./Core/Src/CC2500.o
 .debug_macro   0x0000000000011896      0x22c ./Core/Src/CC2500.o
 .debug_macro   0x0000000000011ac2       0x67 ./Core/Src/CC2500.o
 .debug_macro   0x0000000000011b29       0xa5 ./Core/Src/CC2500.o
 .debug_macro   0x0000000000011bce       0xff ./Core/Src/CC2500.o
 .debug_macro   0x0000000000011ccd      0x10d ./Core/Src/CC2500.o
 .debug_macro   0x0000000000011dda      0x2fe ./Core/Src/CC2500.o
 .debug_macro   0x00000000000120d8      0x693 ./Core/Src/CC2500.o
 .debug_macro   0x000000000001276b       0xa6 ./Core/Src/CC2500.o
 .debug_macro   0x0000000000012811      0x412 ./Core/Src/CC2500.o
 .debug_macro   0x0000000000012c23       0x22 ./Core/Src/CC2500.o
 .debug_macro   0x0000000000012c45      0x136 ./Core/Src/CC2500.o
 .debug_macro   0x0000000000012d7b      0x396 ./Core/Src/I2CSlave.o
 .debug_macro   0x0000000000013111       0x52 ./Core/Src/I2CSlave.o
 .debug_macro   0x0000000000013163       0x18 ./Core/Src/I2CSlave.o
 .debug_macro   0x000000000001317b       0x3c ./Core/Src/I2CSlave.o
 .debug_macro   0x00000000000131b7       0x34 ./Core/Src/I2CSlave.o
 .debug_macro   0x00000000000131eb       0x16 ./Core/Src/I2CSlave.o
 .debug_macro   0x0000000000013201       0x35 ./Core/Src/I2CSlave.o
 .debug_macro   0x0000000000013236      0x341 ./Core/Src/I2CSlave.o
 .debug_macro   0x0000000000013577       0x10 ./Core/Src/I2CSlave.o
 .debug_macro   0x0000000000013587       0x16 ./Core/Src/I2CSlave.o
 .debug_macro   0x000000000001359d       0x43 ./Core/Src/I2CSlave.o
 .debug_macro   0x00000000000135e0       0x34 ./Core/Src/I2CSlave.o
 .debug_macro   0x0000000000013614       0x10 ./Core/Src/I2CSlave.o
 .debug_macro   0x0000000000013624       0x58 ./Core/Src/I2CSlave.o
 .debug_macro   0x000000000001367c       0x71 ./Core/Src/I2CSlave.o
 .debug_macro   0x00000000000136ed       0x1c ./Core/Src/I2CSlave.o
 .debug_macro   0x0000000000013709      0x12a ./Core/Src/I2CSlave.o
 .debug_macro   0x0000000000013833       0x10 ./Core/Src/I2CSlave.o
 .debug_macro   0x0000000000013843       0x1c ./Core/Src/I2CSlave.o
 .debug_macro   0x000000000001385f       0x52 ./Core/Src/I2CSlave.o
 .debug_macro   0x00000000000138b1       0x22 ./Core/Src/I2CSlave.o
 .debug_macro   0x00000000000138d3       0x10 ./Core/Src/I2CSlave.o
 .debug_macro   0x00000000000138e3       0x52 ./Core/Src/I2CSlave.o
 .debug_macro   0x0000000000013935       0xd5 ./Core/Src/I2CSlave.o
 .debug_macro   0x0000000000013a0a       0x1c ./Core/Src/I2CSlave.o
 .debug_macro   0x0000000000013a26       0x3d ./Core/Src/I2CSlave.o
 .debug_macro   0x0000000000013a63       0x16 ./Core/Src/I2CSlave.o
 .debug_macro   0x0000000000013a79      0x145 ./Core/Src/I2CSlave.o
 .debug_macro   0x0000000000013bbe       0x10 ./Core/Src/I2CSlave.o
 .debug_macro   0x0000000000013bce      0x1b7 ./Core/Src/PunchQueue.o
 .debug_macro   0x0000000000013d85       0x4c ./Core/Src/PunchQueue.o
 .debug_macro   0x0000000000013dd1       0x94 ./Core/Src/PunchQueue.o
 .debug_macro   0x0000000000013e65       0x57 ./Core/Src/PunchQueue.o
 .debug_macro   0x0000000000013ebc       0x97 ./Core/Src/PunchQueue.o
 .debug_macro   0x0000000000013f53       0xfd ./Core/Src/PunchQueue.o
 .debug_macro   0x0000000000014050      0x3c7 ./Core/Src/main.o
 .debug_macro   0x0000000000014417       0x16 ./Core/Src/main.o
 .debug_macro   0x000000000001442d       0x20 ./Core/Src/main.o
 .debug_macro   0x000000000001444d      0x203 ./Core/Src/stm32g0xx_hal_msp.o
 .debug_macro   0x0000000000014650      0x20d ./Core/Src/stm32g0xx_it.o
 .debug_macro   0x000000000001485d      0x1f9 ./Core/Src/system_stm32g0xx.o
 .debug_macro   0x0000000000014a56      0x217 ./Drivers/STM32G0xx_HAL_Driver/Src/stm32g0xx_hal.o
 .debug_macro   0x0000000000014c6d      0x1f9 ./Drivers/STM32G0xx_HAL_Driver/Src/stm32g0xx_hal_cortex.o
 .debug_macro   0x0000000000014e66      0x1f9 ./Drivers/STM32G0xx_HAL_Driver/Src/stm32g0xx_hal_dma.o
 .debug_macro   0x000000000001505f      0x200 ./Drivers/STM32G0xx_HAL_Driver/Src/stm32g0xx_hal_gpio.o
 .debug_macro   0x000000000001525f      0x2c5 ./Drivers/STM32G0xx_HAL_Driver/Src/stm32g0xx_hal_i2c.o
 .debug_macro   0x0000000000015524      0x1f9 ./Drivers/STM32G0xx_HAL_Driver/Src/stm32g0xx_hal_i2c_ex.o
 .debug_macro   0x000000000001571d      0x20b ./Drivers/STM32G0xx_HAL_Driver/Src/stm32g0xx_hal_pwr_ex.o
 .debug_macro   0x0000000000015928      0x235 ./Drivers/STM32G0xx_HAL_Driver/Src/stm32g0xx_hal_rcc.o
 .debug_macro   0x0000000000015b5d      0x201 ./Drivers/STM32G0xx_HAL_Driver/Src/stm32g0xx_hal_spi.o
 .debug_macro   0x0000000000015d5e      0x224 ./Drivers/STM32G0xx_HAL_Driver/Src/stm32g0xx_hal_uart.o

.debug_line     0x0000000000000000    0x11c2a
 .debug_line    0x0000000000000000      0xd93 ./Core/Src/CC2500.o
 .debug_line    0x0000000000000d93      0x996 ./Core/Src/I2CSlave.o
 .debug_line    0x0000000000001729      0x66d ./Core/Src/PunchQueue.o
 .debug_line    0x0000000000001d96      0xe89 ./Core/Src/main.o
 .debug_line    0x0000000000002c1f      0x84a ./Core/Src/stm32g0xx_hal_msp.o
 .debug_line    0x0000000000003469      0x7ca ./Core/Src/stm32g0xx_it.o
 .debug_line    0x0000000000003c33      0x77e ./Core/Src/system_stm32g0xx.o
 .debug_line    0x00000000000043b1       0x89 ./Core/Startup/startup_stm32g030f6px.o
 .debug_line    0x000000000000443a      0xa39 ./Drivers/STM32G0xx_HAL_Driver/Src/stm32g0xx_hal.o
 .debug_line    0x0000000000004e73      0xb35 ./Drivers/STM32G0xx_HAL_Driver/Src/stm32g0xx_hal_cortex.o
 .debug_line    0x00000000000059a8      0xd55 ./Drivers/STM32G0xx_HAL_Driver/Src/stm32g0xx_hal_dma.o
 .debug_line    0x00000000000066fd      0xb21 ./Drivers/STM32G0xx_HAL_Driver/Src/stm32g0xx_hal_gpio.o
 .debug_line    0x000000000000721e     0x36c7 ./Drivers/STM32G0xx_HAL_Driver/Src/stm32g0xx_hal_i2c.o
 .debug_line    0x000000000000a8e5      0x929 ./Drivers/STM32G0xx_HAL_Driver/Src/stm32g0xx_hal_i2c_ex.o
 .debug_line    0x000000000000b20e      0x951 ./Drivers/STM32G0xx_HAL_Driver/Src/stm32g0xx_hal_pwr_ex.o
 .debug_line    0x000000000000bb5f      0xec9 ./Drivers/STM32G0xx_HAL_Driver/Src/stm32g0xx_hal_rcc.o
 .debug_line    0x000000000000ca28     0x1e9f ./Drivers/STM32G0xx_HAL_Driver/Src/stm32g0xx_hal_spi.o
 .debug_line    0x000000000000e8c7     0x3363 ./Drivers/STM32G0xx_HAL_Driver/Src/stm32g0xx_hal_uart.o

.debug_str      0x0000000000000000    0x85645
 .debug_str     0x0000000000000000    0x7dd81 ./Core/Src/CC2500.o
                                      0x7e2fa (size before relaxing)
 .debug_str     0x000000000007dd81     0x41a5 ./Core/Src/I2CSlave.o
                                      0x8142d (size before relaxing)
 .debug_str     0x0000000000081f26       0xb5 ./Core/Src/PunchQueue.o
                                       0x7342 (size before relaxing)
 .debug_str     0x0000000000081fdb      0x7f1 ./Core/Src/main.o
                                      0x829a5 (size before relaxing)
 .debug_str     0x00000000000827cc       0xbe ./Core/Src/stm32g0xx_hal_msp.o
                                      0x7dbcd (size before relaxing)
 .debug_str     0x000000000008288a       0xfe ./Core/Src/stm32g0xx_it.o
                                      0x7d52c (size before relaxing)
 .debug_str     0x0000000000082988       0x8e ./Core/Src/system_stm32g0xx.o
                                      0x7cfb2 (size before relaxing)
 .debug_str     0x0000000000082a16       0x36 ./Core/Startup/startup_stm32g030f6px.o
                                         0x78 (size before relaxing)
 .debug_str     0x0000000000082a4c      0x46a ./Drivers/STM32G0xx_HAL_Driver/Src/stm32g0xx_hal.o
                                      0x7d63d (size before relaxing)
 .debug_str     0x0000000000082eb6      0x25f ./Drivers/STM32G0xx_HAL_Driver/Src/stm32g0xx_hal_cortex.o
                                      0x7d3cc (size before relaxing)
 .debug_str     0x0000000000083115      0x2b7 ./Drivers/STM32G0xx_HAL_Driver/Src/stm32g0xx_hal_dma.o
                                      0x7d44c (size before relaxing)
 .debug_str     0x00000000000833cc       0xd8 ./Drivers/STM32G0xx_HAL_Driver/Src/stm32g0xx_hal_gpio.o
                                      0x7d0e7 (size before relaxing)
 .debug_str     0x00000000000834a4      0xcb9 ./Drivers/STM32G0xx_HAL_Driver/Src/stm32g0xx_hal_i2c.o
                                      0x7e381 (size before relaxing)
 .debug_str     0x000000000008415d       0xb8 ./Drivers/STM32G0xx_HAL_Driver/Src/stm32g0xx_hal_i2c_ex.o
                                      0x7d61b (size before relaxing)
 .debug_str     0x0000000000084215      0x21c ./Drivers/STM32G0xx_HAL_Driver/Src/stm32g0xx_hal_pwr_ex.o
                                      0x7d206 (size before relaxing)
 .debug_str     0x0000000000084431      0x345 ./Drivers/STM32G0xx_HAL_Driver/Src/stm32g0xx_hal_rcc.o
                                      0x7d5a3 (size before relaxing)
 .debug_str     0x0000000000084776      0x53a ./Drivers/STM32G0xx_HAL_Driver/Src/stm32g0xx_hal_spi.o
                                      0x7d998 (size before relaxing)
 .debug_str     0x0000000000084cb0      0x995 ./Drivers/STM32G0xx_HAL_Driver/Src/stm32g0xx_hal_uart.o
                                      0x7df7d (size before relaxing)

.comment        0x0000000000000000       0x50
 .comment       0x0000000000000000       0x50 ./Core/Src/CC2500.o
                                         0x51 (size before relaxing)
 .comment       0x0000000000000050       0x51 ./Core/Src/I2CSlave.o
 .comment       0x0000000000000050       0x51 ./Core/Src/PunchQueue.o
 .comment       0x0000000000000050       0x51 ./Core/Src/main.o
 .comment       0x0000000000000050       0x51 ./Core/Src/stm32g0xx_hal_msp.o
 .comment       0x0000000000000050       0x51 ./Core/Src/stm32g0xx_it.o
 .comment       0x0000000000000050       0x51 ./Core/Src/system_stm32g0xx.o
 .comment       0x0000000000000050       0x51 ./Drivers/STM32G0xx_HAL_Driver/Src/stm32g0xx_hal.o
 .comment       0x0000000000000050       0x51 ./Drivers/STM32G0xx_HAL_Driver/Src/stm32g0xx_hal_cortex.o
 .comment       0x0000000000000050       0x51 ./Drivers/STM32G0xx_HAL_Driver/Src/stm32g0xx_hal_dma.o
 .comment       0x0000000000000050       0x51 ./Drivers/STM32G0xx_HAL_Driver/Src/stm32g0xx_hal_gpio.o
 .comment       0x0000000000000050       0x51 ./Drivers/STM32G0xx_HAL_Driver/Src/stm32g0xx_hal_i2c.o
 .comment       0x0000000000000050       0x51 ./Drivers/STM32G0xx_HAL_Driver/Src/stm32g0xx_hal_i2c_ex.o
 .comment       0x0000000000000050       0x51 ./Drivers/STM32G0xx_HAL_Driver/Src/stm32g0xx_hal_pwr_ex.o
 .comment       0x0000000000000050       0x51 ./Drivers/STM32G0xx_HAL_Driver/Src/stm32g0xx_hal_rcc.o
 .comment       0x0000000000000050       0x51 ./Drivers/STM32G0xx_HAL_Driver/Src/stm32g0xx_hal_spi.o
 .comment       0x0000000000000050       0x51 ./Drivers/STM32G0xx_HAL_Driver/Src/stm32g0xx_hal_uart.o

.debug_frame    0x0000000000000000     0x3768
 .debug_frame   0x0000000000000000      0x7c0 ./Core/Src/CC2500.o
 .debug_frame   0x00000000000007c0       0xb0 ./Core/Src/I2CSlave.o
 .debug_frame   0x0000000000000870       0xe0 ./Core/Src/PunchQueue.o
 .debug_frame   0x0000000000000950      0x29c ./Core/Src/main.o
 .debug_frame   0x0000000000000bec       0xf0 ./Core/Src/stm32g0xx_hal_msp.o
 .debug_frame   0x0000000000000cdc       0xf0 ./Core/Src/stm32g0xx_it.o
 .debug_frame   0x0000000000000dcc       0x4c ./Core/Src/system_stm32g0xx.o
 .debug_frame   0x0000000000000e18      0x360 ./Drivers/STM32G0xx_HAL_Driver/Src/stm32g0xx_hal.o
 .debug_frame   0x0000000000001178      0x2fc ./Drivers/STM32G0xx_HAL_Driver/Src/stm32g0xx_hal_cortex.o
 .debug_frame   0x0000000000001474      0x1f0 ./Drivers/STM32G0xx_HAL_Driver/Src/stm32g0xx_hal_dma.o
 .debug_frame   0x0000000000001664      0x130 ./Drivers/STM32G0xx_HAL_Driver/Src/stm32g0xx_hal_gpio.o
 .debug_frame   0x0000000000001794      0xa64 ./Drivers/STM32G0xx_HAL_Driver/Src/stm32g0xx_hal_i2c.o
 .debug_frame   0x00000000000021f8       0xd0 ./Drivers/STM32G0xx_HAL_Driver/Src/stm32g0xx_hal_i2c_ex.o
 .debug_frame   0x00000000000022c8      0x1f4 ./Drivers/STM32G0xx_HAL_Driver/Src/stm32g0xx_hal_pwr_ex.o
 .debug_frame   0x00000000000024bc      0x214 ./Drivers/STM32G0xx_HAL_Driver/Src/stm32g0xx_hal_rcc.o
 .debug_frame   0x00000000000026d0      0x710 ./Drivers/STM32G0xx_HAL_Driver/Src/stm32g0xx_hal_spi.o
 .debug_frame   0x0000000000002de0      0x8d4 ./Drivers/STM32G0xx_HAL_Driver/Src/stm32g0xx_hal_uart.o
 .debug_frame   0x00000000000036b4       0x2c /opt/st/stm32cubeide_1.10.1/plugins/com.st.stm32cube.ide.mcu.externaltools.gnu-tools-for-stm32.10.3-2021.10.linux64_1.0.0.202111181127/tools/bin/../lib/gcc/arm-none-eabi/10.3.1/../../../../arm-none-eabi/lib/thumb/v6-m/nofp/libc_nano.a(lib_a-init.o)
 .debug_frame   0x00000000000036e0       0x28 /opt/st/stm32cubeide_1.10.1/plugins/com.st.stm32cube.ide.mcu.externaltools.gnu-tools-for-stm32.10.3-2021.10.linux64_1.0.0.202111181127/tools/bin/../lib/gcc/arm-none-eabi/10.3.1/../../../../arm-none-eabi/lib/thumb/v6-m/nofp/libc_nano.a(lib_a-memcpy-stub.o)
 .debug_frame   0x0000000000003708       0x20 /opt/st/stm32cubeide_1.10.1/plugins/com.st.stm32cube.ide.mcu.externaltools.gnu-tools-for-stm32.10.3-2021.10.linux64_1.0.0.202111181127/tools/bin/../lib/gcc/arm-none-eabi/10.3.1/../../../../arm-none-eabi/lib/thumb/v6-m/nofp/libc_nano.a(lib_a-memset.o)
 .debug_frame   0x0000000000003728       0x20 /opt/st/stm32cubeide_1.10.1/plugins/com.st.stm32cube.ide.mcu.externaltools.gnu-tools-for-stm32.10.3-2021.10.linux64_1.0.0.202111181127/tools/bin/../lib/gcc/arm-none-eabi/10.3.1/thumb/v6-m/nofp/libgcc.a(_udivsi3.o)
 .debug_frame   0x0000000000003748       0x20 /opt/st/stm32cubeide_1.10.1/plugins/com.st.stm32cube.ide.mcu.externaltools.gnu-tools-for-stm32.10.3-2021.10.linux64_1.0.0.202111181127/tools/bin/../lib/gcc/arm-none-eabi/10.3.1/thumb/v6-m/nofp/libgcc.a(_divsi3.o)
