../Core/Src/CC2500.c:4:9:CC2500_WriteByteSPI	48	static
../Core/Src/CC2500.c:18:9:CC2500_ReadRegister	48	static
../Core/Src/CC2500.c:34:9:CC2500_WriteRegister	48	static
../Core/Src/CC2500.c:52:6:CC2500_WriteReadBytesSPI	40	static
../Core/Src/CC2500.c:64:6:CC2500_SetGDO2OutputPinConfiguration	24	static
../Core/Src/CC2500.c:69:6:CC2500_SetGDO0OutputPinConfiguration	24	static
../Core/Src/CC2500.c:74:9:CC2500_GetGDO0OutputPinConfiguration	32	static
../Core/Src/CC2500.c:81:6:CC2500_SetPacketLength	24	static
../Core/Src/CC2500.c:86:6:CC2500_SetPacketAutomationControl	24	static
../Core/Src/CC2500.c:91:6:CC2500_SetMainRadioControlStateMachineConfiguration1	24	static
../Core/Src/CC2500.c:96:6:CC2500_SetMainRadioControlStateMachineConfiguration0	24	static
../Core/Src/CC2500.c:101:6:CC2500_SetChannelNumber	24	static
../Core/Src/CC2500.c:106:6:CC2500_SetFrequencySynthesizerControl1	24	static
../Core/Src/CC2500.c:111:6:CC2500_SetFrequencySynthesizerControl0	24	static
../Core/Src/CC2500.c:116:6:CC2500_SetFrequencyHighByte	24	static
../Core/Src/CC2500.c:121:6:CC2500_SetFrequencyMiddleByte	24	static
../Core/Src/CC2500.c:126:6:CC2500_SetFrequencyLowByte	24	static
../Core/Src/CC2500.c:131:6:CC2500_SetModemConfiguration4	24	static
../Core/Src/CC2500.c:136:6:CC2500_SetModemConfiguration3	24	static
../Core/Src/CC2500.c:142:6:CC2500_SetModemConfiguration2	24	static
../Core/Src/CC2500.c:148:6:CC2500_SetModemConfiguration1	24	static
../Core/Src/CC2500.c:153:6:CC2500_SetModemConfiguration0	24	static
../Core/Src/CC2500.c:158:6:CC2500_SetModemDeviationSetting	24	static
../Core/Src/CC2500.c:163:6:CC2500_SetFrequencyOffsetConfiguration	24	static
../Core/Src/CC2500.c:168:6:CC2500_SetBitSynchronizationConfiguration	24	static
../Core/Src/CC2500.c:173:6:CC2500_SetAGCControl2	24	static
../Core/Src/CC2500.c:178:6:CC2500_SetAGCControl1	24	static
../Core/Src/CC2500.c:183:6:CC2500_SetAGCControl0	24	static
../Core/Src/CC2500.c:188:6:CC2500_SetFrontEndRXConfiguration	24	static
../Core/Src/CC2500.c:193:6:CC2500_SetFrontEndTXConfiguration	24	static
../Core/Src/CC2500.c:198:6:CC2500_SetFrequencySynthesizerCalibration3	24	static
../Core/Src/CC2500.c:203:6:CC2500_SetFrequencySynthesizerCalibration2	24	static
../Core/Src/CC2500.c:208:6:CC2500_SetFrequencySynthesizerCalibration1	24	static
../Core/Src/CC2500.c:213:6:CC2500_SetFrequencySynthesizerCalibration0	24	static
../Core/Src/CC2500.c:218:6:CC2500_SetTest2	24	static
../Core/Src/CC2500.c:223:6:CC2500_SetTest1	24	static
../Core/Src/CC2500.c:228:6:CC2500_SetTest0	24	static
../Core/Src/CC2500.c:233:6:CC2500_Reset	16	static
../Core/Src/CC2500.c:238:6:CC2500_EnableRX	16	static
../Core/Src/CC2500.c:243:6:CC2500_EnableTX	16	static
../Core/Src/CC2500.c:248:6:CC2500_ExitRXTX	16	static
../Core/Src/CC2500.c:253:6:CC2500_FlushRXFIFO	16	static
../Core/Src/CC2500.c:258:6:CC2500_FlushTXFIFO	16	static
../Core/Src/CC2500.c:263:9:CC2500_GetStatusByteWrite	16	static
../Core/Src/CC2500.c:268:6:CC2500_GetIsReadyAndIdle	16	static
../Core/Src/CC2500.c:273:6:CC2500_GetIsReadyAndRXFifoOverflow	16	static
../Core/Src/CC2500.c:278:6:CC2500_GetIsReadyAndTXFifoUnderflow	16	static
../Core/Src/CC2500.c:283:6:CC2500_SetOutputPower	24	static
../Core/Src/CC2500.c:290:9:CC2500_GetOutputPower	32	static
../Core/Src/CC2500.c:298:9:CC2500_GetStatusByteRead	16	static
../Core/Src/CC2500.c:303:9:CC2500_GetRSSI	32	static
../Core/Src/CC2500.c:309:9:CC2500_GetPacketLength	32	static
../Core/Src/CC2500.c:315:9:CC2500_GetChipPartNumber	32	static
../Core/Src/CC2500.c:322:9:CC2500_GetChipVersion	32	static
../Core/Src/CC2500.c:328:9:CC2500_GetGDOxStatusAndPacketStatus	32	static
../Core/Src/CC2500.c:334:9:CC2500_GetRXBytesOverflowAndNumberOfBytes	32	static
../Core/Src/CC2500.c:340:9:CC2500_GetNoOfRXBytes	32	static
../Core/Src/CC2500.c:346:9:CC2500_GetNoOfTXBytes	32	static
../Core/Src/CC2500.c:354:6:CC2500_ReadRXFifo	48	static
../Core/Src/CC2500.c:365:6:CC2500_WriteTXFifo	40	static
