../Core/Src/main.c:85:5:main	8	static
../Core/Src/main.c:184:6:SystemClock_Config	88	static
../Core/Src/main.c:230:13:MX_I2C2_Init	8	static
../Core/Src/main.c:278:13:MX_SPI1_Init	24	static
../Core/Src/main.c:325:13:MX_SPI2_Init	24	static
../Core/Src/main.c:372:13:MX_USART2_UART_Init	32	static
../Core/Src/main.c:410:13:MX_GPIO_Init	48	static
../Core/Src/main.c:463:13:Configure_GDO_INT_1_AsRisingInterrupt	32	static
../Core/Src/main.c:476:13:Configure_GDO_INT_1_AsFallingInterrupt	32	static
../Core/Src/main.c:489:13:Configure_GDO_INT_1_AsGPIO	32	static
../Core/Src/main.c:500:13:Configure_GDO_INT_2_AsRisingInterrupt	32	static
../Core/Src/main.c:513:13:Configure_GDO_INT_2_AsFallingInterrupt	32	static
../Core/Src/main.c:526:13:Configure_GDO_INT_2_AsGPIO	32	static
../Core/Src/main.c:537:13:InitCC2500	48	static
../Core/Src/main.c:682:16:GetPunchReplyIncludingSpaceForCommandByte	16	static
../Core/Src/main.c:698:13:ReadMessage	64	static
../Core/Src/main.c:764:13:AckSentEnableRX	16	static
../Core/Src/main.c:785:6:HAL_GPIO_EXTI_Falling_Callback	32	static
../Core/Src/main.c:807:6:HAL_GPIO_EXTI_Rising_Callback	32	static
../Core/Src/main.c:835:6:Error_Handler	32	static,ignoring_inline_asm
